MPLINK 5.00, LINKER
Linker Map File - Created Thu May 19 12:33:32 2016

                                 Section Info
                  Section       Type    Address   Location Size(Bytes)
                ---------  ---------  ---------  ---------  ---------
               _entry_scn       code   0x000000    program   0x000006
           .code___init.o       code   0x000006    program   0x000002
          ISR_HIGH_VECTOR       code   0x000008    program   0x000006
  .romdata_PWM_PARKUEST.o    romdata   0x00000e    program   0x000000
.romdata_SLAVE_TASKS_PARKUEST.o    romdata   0x00000e    program   0x000000
.romdata_PROCESSOR_PARKUEST.o    romdata   0x00000e    program   0x000000
.romdata_SoftwareUART_PARKUEST.o    romdata   0x00000e    program   0x000000
.romdata_MASTER_SLAVE_TASKS_PARKUEST.o    romdata   0x00000e    program   0x000000
.romdata_SONAR_PARKUEST.o    romdata   0x00000e    program   0x000000
.romdata_INDICATOR_TASKS_PARKUEST.o    romdata   0x00000e    program   0x000000
.idata_TIMER_PARKUEST.o_i    romdata   0x00000e    program   0x000008
.romdata_TIMER_PARKUEST.o    romdata   0x00000e    program   0x000000
.romdata_FileSYSTEM_PARKUEST.o    romdata   0x00000e    program   0x000000
.romdata_EX_INTERRUPT_PARKUEST.o    romdata   0x00000e    program   0x000000
.romdata_EEPROM_PARKUEST.o    romdata   0x00000e    program   0x000000
 .idata_UART_PARKUEST.o_i    romdata   0x00000e    program   0x000000
         .idata_c018i.o_i    romdata   0x00000e    program   0x000000
         .romdata_c018i.o    romdata   0x00000e    program   0x000000
  .romdata_ADC_PARKUEST.o    romdata   0x00000e    program   0x000000
        .romdata___init.o    romdata   0x00000e    program   0x000000
        .idata___init.o_i    romdata   0x00000e    program   0x000000
.romdata_COLOR_PARKUEST.o    romdata   0x00000e    program   0x000000
      .romdata_fxd1616u.o    romdata   0x00000e    program   0x000000
      .idata_fxd1616u.o_i    romdata   0x00000e    program   0x000000
.romdata_COMMUNICATION_PARKUEST.o    romdata   0x00000e    program   0x000000
 .romdata_UART_PARKUEST.o    romdata   0x00000e    program   0x000000
.romdata_ComINDICADOR_PARKUEST.o    romdata   0x00000e    program   0x000000
.romdata_PIC18F_SIM_2_0_4.o    romdata   0x00000e    program   0x000000
  .idata_PWM_PARKUEST.o_i    romdata   0x000016    program   0x000000
.idata_SLAVE_TASKS_PARKUEST.o_i    romdata   0x000016    program   0x000000
.idata_SoftwareUART_PARKUEST.o_i    romdata   0x000016    program   0x000000
            .code_c018i.o       code   0x000016    program   0x000000
.idata_PROCESSOR_PARKUEST.o_i    romdata   0x000016    program   0x000000
  .idata_ADC_PARKUEST.o_i    romdata   0x000016    program   0x000000
.idata_MASTER_SLAVE_TASKS_PARKUEST.o_i    romdata   0x000016    program   0x000000
.idata_EEPROM_PARKUEST.o_i    romdata   0x000016    program   0x000000
.idata_EX_INTERRUPT_PARKUEST.o_i    romdata   0x000016    program   0x000000
.idata_FileSYSTEM_PARKUEST.o_i    romdata   0x000016    program   0x000000
.code_EX_INTERRUPT_PARKUEST.o       code   0x000016    program   0x000000
           ISR_LOW_VECTOR       code   0x000018    program   0x000006
                   .cinit    romdata   0x00001e    program   0x000056
.code_COMMUNICATION_PARKUEST.o       code   0x000074    program   0x0034c4
   .code_SONAR_PARKUEST.o       code   0x003538    program   0x001174
.code_ComINDICADOR_PARKUEST.o       code   0x0046ac    program   0x0007ee
   .code_COLOR_PARKUEST.o       code   0x004e9a    program   0x0006b4
.code_FileSYSTEM_PARKUEST.o       code   0x00554e    program   0x00065e
                     PROG       code   0x005bac    program   0x000418
.code_MASTER_SLAVE_TASKS_PARKUEST.o       code   0x005fc4    program   0x0002de
     .code_PWM_PARKUEST.o       code   0x0062a2    program   0x0002a6
.code_SLAVE_TASKS_PARKUEST.o       code   0x006548    program   0x00026a
 .code_PIC18F_SIM_2_0_4.o       code   0x0067b2    program   0x000258
   .code_TIMER_PARKUEST.o       code   0x006a0a    program   0x000224
.code_SoftwareUART_PARKUEST.o       code   0x006c2e    program   0x0001b0
     .code_ADC_PARKUEST.o       code   0x006dde    program   0x0000b2
               _cinit_scn       code   0x006e90    program   0x00009e
    .code_UART_PARKUEST.o       code   0x006f2e    program   0x000090
.code_PROCESSOR_PARKUEST.o       code   0x006fbe    program   0x00006c
  .code_EEPROM_PARKUEST.o       code   0x00702a    program   0x000066
.code_INDICATOR_TASKS_PARKUEST.o       code   0x007090    program   0x000034
             D10KTCYXCODE       code   0x0070c4    program   0x00002e
         .code_fxd1616u.o       code   0x0070f2    program   0x00002c
              D1KTCYXCODE       code   0x00711e    program   0x000020
                    .code       code   0x00713e    program   0x000020
             _startup_scn       code   0x00715e    program   0x00001c
              D10TCYXCODE       code   0x00717a    program   0x000016
.idata_SONAR_PARKUEST.o_i    romdata   0x007190    program   0x0000f0
.idata_PIC18F_SIM_2_0_4.o_i    romdata   0x007280    program   0x000034
.idata_INDICATOR_TASKS_PARKUEST.o_i    romdata   0x0072b4    program   0x000004
.idata_ComINDICADOR_PARKUEST.o_i    romdata   0x0072b8    program   0x000003
.idata_COMMUNICATION_PARKUEST.o_i    romdata   0x0072bb    program   0x000003
.idata_COLOR_PARKUEST.o_i    romdata   0x0072be    program   0x00001c
.config_300001_PROCESSOR_PARKUEST.o    romdata   0x300001    program   0x000001
.config_300002_PROCESSOR_PARKUEST.o    romdata   0x300002    program   0x000001
.config_300003_PROCESSOR_PARKUEST.o    romdata   0x300003    program   0x000001
.config_300005_PROCESSOR_PARKUEST.o    romdata   0x300005    program   0x000001
.config_300006_PROCESSOR_PARKUEST.o    romdata   0x300006    program   0x000001
.config_300008_PROCESSOR_PARKUEST.o    romdata   0x300008    program   0x000001
.config_300009_PROCESSOR_PARKUEST.o    romdata   0x300009    program   0x000001
.config_30000a_PROCESSOR_PARKUEST.o    romdata   0x30000a    program   0x000001
.config_30000b_PROCESSOR_PARKUEST.o    romdata   0x30000b    program   0x000001
.config_30000c_PROCESSOR_PARKUEST.o    romdata   0x30000c    program   0x000001
.config_30000d_PROCESSOR_PARKUEST.o    romdata   0x30000d    program   0x000001
                MATH_DATA      udata   0x000000       data   0x000014
                 .tmpdata      udata   0x000014       data   0x000004
                DELAYDAT2      udata   0x000018       data   0x000001
                DELAYDAT1      udata   0x000019       data   0x000001
  .idata_SONAR_PARKUEST.o      idata   0x000100       data   0x0000f0
           .udata_c018i.o      udata   0x0001f0       data   0x00000a
  .udata_TIMER_PARKUEST.o      udata   0x0001fa       data   0x000005
        .udata_fxd1616u.o      udata   0x0001ff       data   0x000000
        .idata_fxd1616u.o      idata   0x0001ff       data   0x000000
   .idata_UART_PARKUEST.o      idata   0x0001ff       data   0x000000
   .udata_UART_PARKUEST.o      udata   0x0001ff       data   0x000000
          .udata___init.o      udata   0x0001ff       data   0x000000
          .idata___init.o      idata   0x0001ff       data   0x000000
  .udata_SONAR_PARKUEST.o      udata   0x0001ff       data   0x000000
.idata_SoftwareUART_PARKUEST.o      idata   0x0001ff       data   0x000000
.udata_SoftwareUART_PARKUEST.o      udata   0x0001ff       data   0x000000
.idata_SLAVE_TASKS_PARKUEST.o      idata   0x0001ff       data   0x000000
.udata_SLAVE_TASKS_PARKUEST.o      udata   0x0001ff       data   0x000000
    .idata_PWM_PARKUEST.o      idata   0x0001ff       data   0x000000
    .udata_PWM_PARKUEST.o      udata   0x0001ff       data   0x000000
.idata_PROCESSOR_PARKUEST.o      idata   0x0001ff       data   0x000000
.udata_PROCESSOR_PARKUEST.o      udata   0x0001ff       data   0x000000
.idata_MASTER_SLAVE_TASKS_PARKUEST.o      idata   0x0001ff       data   0x000000
.udata_MASTER_SLAVE_TASKS_PARKUEST.o      udata   0x0001ff       data   0x000000
           .idata_c018i.o      idata   0x0001ff       data   0x000000
.udata_INDICATOR_TASKS_PARKUEST.o      udata   0x0001ff       data   0x000000
.idata_FileSYSTEM_PARKUEST.o      idata   0x0001ff       data   0x000000
.udata_FileSYSTEM_PARKUEST.o      udata   0x0001ff       data   0x000000
.idata_EX_INTERRUPT_PARKUEST.o      idata   0x0001ff       data   0x000000
.udata_EX_INTERRUPT_PARKUEST.o      udata   0x0001ff       data   0x000000
 .idata_EEPROM_PARKUEST.o      idata   0x0001ff       data   0x000000
 .udata_EEPROM_PARKUEST.o      udata   0x0001ff       data   0x000000
    .udata_ADC_PARKUEST.o      udata   0x0001ff       data   0x000000
    .idata_ADC_PARKUEST.o      idata   0x0001ff       data   0x000000
.udata_COMMUNICATION_PARKUEST.o      udata   0x0001ff       data   0x000000
  .udata_COLOR_PARKUEST.o      udata   0x0001ff       data   0x000000
.udata_ComINDICADOR_PARKUEST.o      udata   0x0001ff       data   0x000000
        COMUNICATION_VAR1      udata   0x000200       data   0x000090
.udata_PIC18F_SIM_2_0_4.o      udata   0x000290       data   0x000039
.idata_PIC18F_SIM_2_0_4.o      idata   0x0002c9       data   0x000034
.idata_ComINDICADOR_PARKUEST.o      idata   0x0002fd       data   0x000003
        COMUNICATION_VAR2      udata   0x000300       data   0x000090
  .idata_COLOR_PARKUEST.o      idata   0x000390       data   0x00001c
  .idata_TIMER_PARKUEST.o      idata   0x0003ac       data   0x000008
.idata_INDICATOR_TASKS_PARKUEST.o      idata   0x0003b4       data   0x000004
.idata_COMMUNICATION_PARKUEST.o      idata   0x0003b8       data   0x000003
                   .stack      udata   0x000500       data   0x000100
              SFR_BANKED0      udata   0x000f38       data   0x000003
              SFR_BANKED1      udata   0x000f3d       data   0x000023
            SFR_UNBANKED0      udata   0x000f60       data   0x0000a0



                              Program Memory Usage 
                               Start         End      
                           ---------   ---------      
                            0x000000    0x000015      
                            0x000018    0x0072d9      
                            0x300001    0x300003      
                            0x300005    0x300006      
                            0x300008    0x30000d      
            29411 out of 33048 program addresses used, program memory utilization is 88%



                              Symbols - Sorted by Name
                     Name    Address   Location    Storage File                     
                ---------  ---------  ---------  --------- ---------                
         ADC_INPUT_CONFIG   0x006dde    program     extern C:\Users\Wavelet\Google Drive\Benjamin\VersionDesarrolloParkuestULTRASONICO\LibraryPARKUEST\ADC_PARKUEST.c
                  AN_CONF   0x006e04    program     extern C:\Users\Wavelet\Google Drive\Benjamin\VersionDesarrolloParkuestULTRASONICO\LibraryPARKUEST\ADC_PARKUEST.c
              AutoSetting   0x0039e8    program     extern C:\Users\Wavelet\Google Drive\Benjamin\VersionDesarrolloParkuestULTRASONICO\LibraryPARKUEST\SONAR_PARKUEST.c
                  BitCont   0x003990    program     extern C:\Users\Wavelet\Google Drive\Benjamin\VersionDesarrolloParkuestULTRASONICO\LibraryPARKUEST\SONAR_PARKUEST.c
                 BitCont2   0x00180e    program     extern C:\Users\Wavelet\Google Drive\Benjamin\VersionDesarrolloParkuestULTRASONICO\LibraryPARKUEST\COMMUNICATION_PARKUEST.c
            CALCULATE_ChS   0x000870    program     extern C:\Users\Wavelet\Google Drive\Benjamin\VersionDesarrolloParkuestULTRASONICO\LibraryPARKUEST\COMMUNICATION_PARKUEST.c
        CALCULATE_ID_7bit   0x000b4e    program     extern C:\Users\Wavelet\Google Drive\Benjamin\VersionDesarrolloParkuestULTRASONICO\LibraryPARKUEST\COMMUNICATION_PARKUEST.c
        CALCULATE_ID_8bit   0x000c7a    program     extern C:\Users\Wavelet\Google Drive\Benjamin\VersionDesarrolloParkuestULTRASONICO\LibraryPARKUEST\COMMUNICATION_PARKUEST.c
CALCULATE_ID_SOFTWARE_7bit   0x000bf0    program     extern C:\Users\Wavelet\Google Drive\Benjamin\VersionDesarrolloParkuestULTRASONICO\LibraryPARKUEST\COMMUNICATION_PARKUEST.c
CALCULATE_ID_SOFTWARE_8bit   0x000d10    program     extern C:\Users\Wavelet\Google Drive\Benjamin\VersionDesarrolloParkuestULTRASONICO\LibraryPARKUEST\COMMUNICATION_PARKUEST.c
             CLEAR_BUFFER   0x000b06    program     extern C:\Users\Wavelet\Google Drive\Benjamin\VersionDesarrolloParkuestULTRASONICO\LibraryPARKUEST\COMMUNICATION_PARKUEST.c
           COLOR_ROUTINE1   0x005242    program     extern C:\Users\Wavelet\Google Drive\Benjamin\VersionDesarrolloParkuestULTRASONICO\LibraryPARKUEST\COLOR_PARKUEST.c
           COLOR_ROUTINE2   0x0052c8    program     extern C:\Users\Wavelet\Google Drive\Benjamin\VersionDesarrolloParkuestULTRASONICO\LibraryPARKUEST\COLOR_PARKUEST.c
           COLOR_ROUTINE3   0x005348    program     extern C:\Users\Wavelet\Google Drive\Benjamin\VersionDesarrolloParkuestULTRASONICO\LibraryPARKUEST\COLOR_PARKUEST.c
           COLOR_ROUTINE4   0x0053c6    program     extern C:\Users\Wavelet\Google Drive\Benjamin\VersionDesarrolloParkuestULTRASONICO\LibraryPARKUEST\COLOR_PARKUEST.c
           COLOR_ROUTINE5   0x005498    program     extern C:\Users\Wavelet\Google Drive\Benjamin\VersionDesarrolloParkuestULTRASONICO\LibraryPARKUEST\COLOR_PARKUEST.c
  COMMUNICATION_INDICATOR   0x0049aa    program     extern C:\Users\Wavelet\Google Drive\Benjamin\VersionDesarrolloParkuestULTRASONICO\LibraryPARKUEST\ComINDICADOR_PARKUEST.c
           CONF_PROCESSOR   0x006fd0    program     extern C:\Users\Wavelet\Google Drive\Benjamin\VersionDesarrolloParkuestULTRASONICO\LibraryPARKUEST\PROCESSOR_PARKUEST.c
   CONT_SLAVES_REGISTERED   0x001866    program     extern C:\Users\Wavelet\Google Drive\Benjamin\VersionDesarrolloParkuestULTRASONICO\LibraryPARKUEST\COMMUNICATION_PARKUEST.c
        CONT_SLAVE_ACTIVE   0x0018d6    program     extern C:\Users\Wavelet\Google Drive\Benjamin\VersionDesarrolloParkuestULTRASONICO\LibraryPARKUEST\COMMUNICATION_PARKUEST.c
             CalcDistance   0x003b8c    program     static C:\Users\Wavelet\Google Drive\Benjamin\VersionDesarrolloParkuestULTRASONICO\LibraryPARKUEST\SONAR_PARKUEST.c
          ChangeFadeCOLOR   0x004f50    program     extern C:\Users\Wavelet\Google Drive\Benjamin\VersionDesarrolloParkuestULTRASONICO\LibraryPARKUEST\COLOR_PARKUEST.c
         ChangeFadeCOLOR1   0x00514c    program     extern C:\Users\Wavelet\Google Drive\Benjamin\VersionDesarrolloParkuestULTRASONICO\LibraryPARKUEST\COLOR_PARKUEST.c
     ChangeFadeCOLOR_FAST   0x00504e    program     extern C:\Users\Wavelet\Google Drive\Benjamin\VersionDesarrolloParkuestULTRASONICO\LibraryPARKUEST\COLOR_PARKUEST.c
         CheckSUM_CORRECT   0x0009aa    program     extern C:\Users\Wavelet\Google Drive\Benjamin\VersionDesarrolloParkuestULTRASONICO\LibraryPARKUEST\COMMUNICATION_PARKUEST.c
             Check_HEALTH   0x001122    program     extern C:\Users\Wavelet\Google Drive\Benjamin\VersionDesarrolloParkuestULTRASONICO\LibraryPARKUEST\COMMUNICATION_PARKUEST.c
               Check_List   0x00101c    program     extern C:\Users\Wavelet\Google Drive\Benjamin\VersionDesarrolloParkuestULTRASONICO\LibraryPARKUEST\COMMUNICATION_PARKUEST.c
                 ClearWDT   0x006fee    program     extern C:\Users\Wavelet\Google Drive\Benjamin\VersionDesarrolloParkuestULTRASONICO\LibraryPARKUEST\PROCESSOR_PARKUEST.c
     ComBASIC_IndicadorIN   0x0046ee    program     extern C:\Users\Wavelet\Google Drive\Benjamin\VersionDesarrolloParkuestULTRASONICO\LibraryPARKUEST\ComINDICADOR_PARKUEST.c
    ComBASIC_IndicadorOUT   0x0046b8    program     extern C:\Users\Wavelet\Google Drive\Benjamin\VersionDesarrolloParkuestULTRASONICO\LibraryPARKUEST\ComINDICADOR_PARKUEST.c
                   D10K_1   0x0070d0    program     static E:\3.46\pic18-lt\cxx-framework\src\traditional\delays\d10ktcyx.asm
                    D10Kl   0x0070dc    program     static E:\3.46\pic18-lt\cxx-framework\src\traditional\delays\d10ktcyx.asm
                    D10Kx   0x0070ce    program     static E:\3.46\pic18-lt\cxx-framework\src\traditional\delays\d10ktcyx.asm
                    D10_1   0x00718a    program     static E:\3.46\pic18-lt\cxx-framework\src\traditional\delays\d10tcyx.asm
                     D10x   0x007182    program     static E:\3.46\pic18-lt\cxx-framework\src\traditional\delays\d10tcyx.asm
                    D1K_1   0x00712a    program     static E:\3.46\pic18-lt\cxx-framework\src\traditional\delays\d1ktcyx.asm
                     D1Kx   0x007128    program     static E:\3.46\pic18-lt\cxx-framework\src\traditional\delays\d1ktcyx.asm
           Data_Migration   0x001434    program     extern C:\Users\Wavelet\Google Drive\Benjamin\VersionDesarrolloParkuestULTRASONICO\LibraryPARKUEST\COMMUNICATION_PARKUEST.c
             Delay10KTCYx   0x0070c4    program     extern E:\3.46\pic18-lt\cxx-framework\src\traditional\delays\d10ktcyx.asm
              Delay10TCYx   0x00717a    program     extern E:\3.46\pic18-lt\cxx-framework\src\traditional\delays\d10tcyx.asm
              Delay1KTCYx   0x00711e    program     extern E:\3.46\pic18-lt\cxx-framework\src\traditional\delays\d1ktcyx.asm
           DelayTXBitUART   0x006c2e    program     static C:\Users\Wavelet\Google Drive\Benjamin\VersionDesarrolloParkuestULTRASONICO\LibraryPARKUEST\SoftwareUART_PARKUEST.c
             DelayedStart   0x001976    program     extern C:\Users\Wavelet\Google Drive\Benjamin\VersionDesarrolloParkuestULTRASONICO\LibraryPARKUEST\COMMUNICATION_PARKUEST.c
       DelayedStartMaster   0x001946    program     extern C:\Users\Wavelet\Google Drive\Benjamin\VersionDesarrolloParkuestULTRASONICO\LibraryPARKUEST\COMMUNICATION_PARKUEST.c
                    FPA32   0x005bae    program     extern E:\3.46\pic18-lt\cxx-framework\src\traditional\math\addFP.asm
                    FPD32   0x005cda    program     extern E:\3.46\pic18-lt\cxx-framework\src\traditional\math\divFP.asm
                    FPM32   0x005d80    program     extern E:\3.46\pic18-lt\cxx-framework\src\traditional\math\mulFP.asm
                    FPS32   0x005bac    program     extern E:\3.46\pic18-lt\cxx-framework\src\traditional\math\addFP.asm
                 FXD1616U   0x0070f2    program     extern E:\3.46\pic18-lt\cxx-framework\src\traditional\math\fxd1616u.c
               FileCOLORS   0x005a82    program     extern C:\Users\Wavelet\Google Drive\Benjamin\VersionDesarrolloParkuestULTRASONICO\LibraryPARKUEST\FileSYSTEM_PARKUEST.c
             FileDISTANCE   0x005ac0    program     extern C:\Users\Wavelet\Google Drive\Benjamin\VersionDesarrolloParkuestULTRASONICO\LibraryPARKUEST\FileSYSTEM_PARKUEST.c
                   FileID   0x005b08    program     extern C:\Users\Wavelet\Google Drive\Benjamin\VersionDesarrolloParkuestULTRASONICO\LibraryPARKUEST\FileSYSTEM_PARKUEST.c
      FileINDICATOR_OnOff   0x005afe    program     extern C:\Users\Wavelet\Google Drive\Benjamin\VersionDesarrolloParkuestULTRASONICO\LibraryPARKUEST\FileSYSTEM_PARKUEST.c
                GEN_FREQ1   0x003554    program     extern C:\Users\Wavelet\Google Drive\Benjamin\VersionDesarrolloParkuestULTRASONICO\LibraryPARKUEST\SONAR_PARKUEST.c
                GEN_FREQ2   0x003598    program     extern C:\Users\Wavelet\Google Drive\Benjamin\VersionDesarrolloParkuestULTRASONICO\LibraryPARKUEST\SONAR_PARKUEST.c
           INDICATOR_TASK   0x007090    program     extern C:\Users\Wavelet\Google Drive\Benjamin\VersionDesarrolloParkuestULTRASONICO\LibraryPARKUEST\INDICATOR_TASKS_PARKUEST.c
                  INT3216   0x005e5a    program     extern E:\3.46\pic18-lt\cxx-framework\src\traditional\math\castFP16.asm
           INTERRRUPT_OFF   0x006fde    program     extern C:\Users\Wavelet\Google Drive\Benjamin\VersionDesarrolloParkuestULTRASONICO\LibraryPARKUEST\PROCESSOR_PARKUEST.c
            INTERRRUPT_ON   0x006fd6    program     extern C:\Users\Wavelet\Google Drive\Benjamin\VersionDesarrolloParkuestULTRASONICO\LibraryPARKUEST\PROCESSOR_PARKUEST.c
                  IO_CONF   0x006ff2    program     extern C:\Users\Wavelet\Google Drive\Benjamin\VersionDesarrolloParkuestULTRASONICO\LibraryPARKUEST\PROCESSOR_PARKUEST.c
       ISR_AT_HIGH_VECTOR   0x000008    program     extern C:\Users\Wavelet\Google Drive\Benjamin\VersionDesarrolloParkuestULTRASONICO\LibraryPARKUEST\COMMUNICATION_PARKUEST.c
        ISR_AT_LOW_VECTOR   0x000018    program     extern C:\Users\Wavelet\Google Drive\Benjamin\VersionDesarrolloParkuestULTRASONICO\LibraryPARKUEST\TIMER_PARKUEST.c
                  ISRhigh   0x000074    program     extern C:\Users\Wavelet\Google Drive\Benjamin\VersionDesarrolloParkuestULTRASONICO\LibraryPARKUEST\COMMUNICATION_PARKUEST.c
                   ISRlow   0x006a0a    program     extern C:\Users\Wavelet\Google Drive\Benjamin\VersionDesarrolloParkuestULTRASONICO\LibraryPARKUEST\TIMER_PARKUEST.c
     IndicatorColorACTIVE   0x004d12    program     extern C:\Users\Wavelet\Google Drive\Benjamin\VersionDesarrolloParkuestULTRASONICO\LibraryPARKUEST\ComINDICADOR_PARKUEST.c
   IndicatorColorDEACTIVE   0x004d80    program     extern C:\Users\Wavelet\Google Drive\Benjamin\VersionDesarrolloParkuestULTRASONICO\LibraryPARKUEST\ComINDICADOR_PARKUEST.c
             IndicatorOFF   0x004cbc    program     extern C:\Users\Wavelet\Google Drive\Benjamin\VersionDesarrolloParkuestULTRASONICO\LibraryPARKUEST\ComINDICADOR_PARKUEST.c
              IndicatorON   0x004c66    program     extern C:\Users\Wavelet\Google Drive\Benjamin\VersionDesarrolloParkuestULTRASONICO\LibraryPARKUEST\ComINDICADOR_PARKUEST.c
    IndicatorSensorACTIVE   0x004dee    program     extern C:\Users\Wavelet\Google Drive\Benjamin\VersionDesarrolloParkuestULTRASONICO\LibraryPARKUEST\ComINDICADOR_PARKUEST.c
  IndicatorSensorDEACTIVE   0x004e44    program     extern C:\Users\Wavelet\Google Drive\Benjamin\VersionDesarrolloParkuestULTRASONICO\LibraryPARKUEST\ComINDICADOR_PARKUEST.c
                LoadState   0x003172    program     extern C:\Users\Wavelet\Google Drive\Benjamin\VersionDesarrolloParkuestULTRASONICO\LibraryPARKUEST\COMMUNICATION_PARKUEST.c
       MASTER_SLAVE_TASKS   0x005fc4    program     extern C:\Users\Wavelet\Google Drive\Benjamin\VersionDesarrolloParkuestULTRASONICO\LibraryPARKUEST\MASTER_SLAVE_TASKS_PARKUEST.c
                 OSC_CONF   0x006fbe    program     extern C:\Users\Wavelet\Google Drive\Benjamin\VersionDesarrolloParkuestULTRASONICO\LibraryPARKUEST\PROCESSOR_PARKUEST.c
         OnlyOneIndicator   0x003318    program     extern C:\Users\Wavelet\Google Drive\Benjamin\VersionDesarrolloParkuestULTRASONICO\LibraryPARKUEST\COMMUNICATION_PARKUEST.c
OnlyOneIndicatorIdSensors   0x00324e    program     extern C:\Users\Wavelet\Google Drive\Benjamin\VersionDesarrolloParkuestULTRASONICO\LibraryPARKUEST\COMMUNICATION_PARKUEST.c
          PRESENCE_SONAR1   0x0037ba    program     extern C:\Users\Wavelet\Google Drive\Benjamin\VersionDesarrolloParkuestULTRASONICO\LibraryPARKUEST\SONAR_PARKUEST.c
       PRESENCE_SONAR_3_0   0x00408e    program     extern C:\Users\Wavelet\Google Drive\Benjamin\VersionDesarrolloParkuestULTRASONICO\LibraryPARKUEST\SONAR_PARKUEST.c
       PRESENCE_SONAR_4_0   0x004534    program     extern C:\Users\Wavelet\Google Drive\Benjamin\VersionDesarrolloParkuestULTRASONICO\LibraryPARKUEST\SONAR_PARKUEST.c
                PWM1_CONF   0x0062a2    program     extern C:\Users\Wavelet\Google Drive\Benjamin\VersionDesarrolloParkuestULTRASONICO\LibraryPARKUEST\PWM_PARKUEST.c
                PWM1_DUTY   0x006318    program     extern C:\Users\Wavelet\Google Drive\Benjamin\VersionDesarrolloParkuestULTRASONICO\LibraryPARKUEST\PWM_PARKUEST.c
                 PWM1_OFF   0x006376    program     extern C:\Users\Wavelet\Google Drive\Benjamin\VersionDesarrolloParkuestULTRASONICO\LibraryPARKUEST\PWM_PARKUEST.c
                  PWM1_ON   0x00636c    program     extern C:\Users\Wavelet\Google Drive\Benjamin\VersionDesarrolloParkuestULTRASONICO\LibraryPARKUEST\PWM_PARKUEST.c
                PWM2_CONF   0x006382    program     extern C:\Users\Wavelet\Google Drive\Benjamin\VersionDesarrolloParkuestULTRASONICO\LibraryPARKUEST\PWM_PARKUEST.c
                PWM2_DUTY   0x0063f8    program     extern C:\Users\Wavelet\Google Drive\Benjamin\VersionDesarrolloParkuestULTRASONICO\LibraryPARKUEST\PWM_PARKUEST.c
                 PWM2_OFF   0x006456    program     extern C:\Users\Wavelet\Google Drive\Benjamin\VersionDesarrolloParkuestULTRASONICO\LibraryPARKUEST\PWM_PARKUEST.c
                  PWM2_ON   0x00644c    program     extern C:\Users\Wavelet\Google Drive\Benjamin\VersionDesarrolloParkuestULTRASONICO\LibraryPARKUEST\PWM_PARKUEST.c
                PWM4_CONF   0x006462    program     extern C:\Users\Wavelet\Google Drive\Benjamin\VersionDesarrolloParkuestULTRASONICO\LibraryPARKUEST\PWM_PARKUEST.c
                PWM4_DUTY   0x0064d8    program     extern C:\Users\Wavelet\Google Drive\Benjamin\VersionDesarrolloParkuestULTRASONICO\LibraryPARKUEST\PWM_PARKUEST.c
                 PWM4_OFF   0x00653a    program     extern C:\Users\Wavelet\Google Drive\Benjamin\VersionDesarrolloParkuestULTRASONICO\LibraryPARKUEST\PWM_PARKUEST.c
                  PWM4_ON   0x00652e    program     extern C:\Users\Wavelet\Google Drive\Benjamin\VersionDesarrolloParkuestULTRASONICO\LibraryPARKUEST\PWM_PARKUEST.c
          RESET_PROCESSOR   0x006fe6    program     extern C:\Users\Wavelet\Google Drive\Benjamin\VersionDesarrolloParkuestULTRASONICO\LibraryPARKUEST\PROCESSOR_PARKUEST.c
                RGB_10bit   0x004f04    program     extern C:\Users\Wavelet\Google Drive\Benjamin\VersionDesarrolloParkuestULTRASONICO\LibraryPARKUEST\COLOR_PARKUEST.c
                 RGB_8bit   0x004e9a    program     extern C:\Users\Wavelet\Google Drive\Benjamin\VersionDesarrolloParkuestULTRASONICO\LibraryPARKUEST\COLOR_PARKUEST.c
       ReadColorsPARKUEST   0x00554e    program     extern C:\Users\Wavelet\Google Drive\Benjamin\VersionDesarrolloParkuestULTRASONICO\LibraryPARKUEST\FileSYSTEM_PARKUEST.c
     ReadDistancePARKUEST   0x0056b2    program     extern C:\Users\Wavelet\Google Drive\Benjamin\VersionDesarrolloParkuestULTRASONICO\LibraryPARKUEST\FileSYSTEM_PARKUEST.c
               ReadEEPROM   0x007064    program     extern C:\Users\Wavelet\Google Drive\Benjamin\VersionDesarrolloParkuestULTRASONICO\LibraryPARKUEST\EEPROM_PARKUEST.c
   ReadHardwareIdPARKUEST   0x00589c    program     extern C:\Users\Wavelet\Google Drive\Benjamin\VersionDesarrolloParkuestULTRASONICO\LibraryPARKUEST\FileSYSTEM_PARKUEST.c
           ReadIdPARKUEST   0x005856    program     extern C:\Users\Wavelet\Google Drive\Benjamin\VersionDesarrolloParkuestULTRASONICO\LibraryPARKUEST\FileSYSTEM_PARKUEST.c
       ReadIndicatorOnOff   0x005708    program     extern C:\Users\Wavelet\Google Drive\Benjamin\VersionDesarrolloParkuestULTRASONICO\LibraryPARKUEST\FileSYSTEM_PARKUEST.c
  ReadOnlyOneIndicatorIDs   0x0057b6    program     extern C:\Users\Wavelet\Google Drive\Benjamin\VersionDesarrolloParkuestULTRASONICO\LibraryPARKUEST\FileSYSTEM_PARKUEST.c
   ReadUART2_SoftwareSync   0x006c3a    program     extern C:\Users\Wavelet\Google Drive\Benjamin\VersionDesarrolloParkuestULTRASONICO\LibraryPARKUEST\SoftwareUART_PARKUEST.c
ReceiveCommand2_UartSOFTWARE   0x0048e2    program     extern C:\Users\Wavelet\Google Drive\Benjamin\VersionDesarrolloParkuestULTRASONICO\LibraryPARKUEST\ComINDICADOR_PARKUEST.c
           RemapINPUT_IND   0x0046ac    program     extern C:\Users\Wavelet\Google Drive\Benjamin\VersionDesarrolloParkuestULTRASONICO\LibraryPARKUEST\ComINDICADOR_PARKUEST.c
          RemapOUTPUT_IND   0x0046b2    program     extern C:\Users\Wavelet\Google Drive\Benjamin\VersionDesarrolloParkuestULTRASONICO\LibraryPARKUEST\ComINDICADOR_PARKUEST.c
Request_Initialization_SLAVE   0x00168c    program     extern C:\Users\Wavelet\Google Drive\Benjamin\VersionDesarrolloParkuestULTRASONICO\LibraryPARKUEST\COMMUNICATION_PARKUEST.c
           ResetVariables   0x0033f2    program     extern C:\Users\Wavelet\Google Drive\Benjamin\VersionDesarrolloParkuestULTRASONICO\LibraryPARKUEST\COMMUNICATION_PARKUEST.c
  Response_Initialization   0x001742    program     extern C:\Users\Wavelet\Google Drive\Benjamin\VersionDesarrolloParkuestULTRASONICO\LibraryPARKUEST\COMMUNICATION_PARKUEST.c
             SENSE_SONAR1   0x0035dc    program     extern C:\Users\Wavelet\Google Drive\Benjamin\VersionDesarrolloParkuestULTRASONICO\LibraryPARKUEST\SONAR_PARKUEST.c
         SENSE_SONAR1_4_0   0x0041d2    program     extern C:\Users\Wavelet\Google Drive\Benjamin\VersionDesarrolloParkuestULTRASONICO\LibraryPARKUEST\SONAR_PARKUEST.c
             SENSE_SONAR2   0x0036cc    program     extern C:\Users\Wavelet\Google Drive\Benjamin\VersionDesarrolloParkuestULTRASONICO\LibraryPARKUEST\SONAR_PARKUEST.c
         SENSE_SONAR2_4_0   0x004384    program     extern C:\Users\Wavelet\Google Drive\Benjamin\VersionDesarrolloParkuestULTRASONICO\LibraryPARKUEST\SONAR_PARKUEST.c
              SLAVE_TASKS   0x006548    program     extern C:\Users\Wavelet\Google Drive\Benjamin\VersionDesarrolloParkuestULTRASONICO\LibraryPARKUEST\SLAVE_TASKS_PARKUEST.c
    SLAVEs_INITIALIZATION   0x0012da    program     extern C:\Users\Wavelet\Google Drive\Benjamin\VersionDesarrolloParkuestULTRASONICO\LibraryPARKUEST\COMMUNICATION_PARKUEST.c
          SLEEP_PROCESSOR   0x006fea    program     extern C:\Users\Wavelet\Google Drive\Benjamin\VersionDesarrolloParkuestULTRASONICO\LibraryPARKUEST\PROCESSOR_PARKUEST.c
          STATE_OF_SLAVEs   0x00121e    program     extern C:\Users\Wavelet\Google Drive\Benjamin\VersionDesarrolloParkuestULTRASONICO\LibraryPARKUEST\COMMUNICATION_PARKUEST.c
              STATE_SLAVE   0x001368    program     extern C:\Users\Wavelet\Google Drive\Benjamin\VersionDesarrolloParkuestULTRASONICO\LibraryPARKUEST\COMMUNICATION_PARKUEST.c
               SaveInBits   0x00307a    program     extern C:\Users\Wavelet\Google Drive\Benjamin\VersionDesarrolloParkuestULTRASONICO\LibraryPARKUEST\COMMUNICATION_PARKUEST.c
SendCommand1_UartSOFTWARE   0x0047f4    program     extern C:\Users\Wavelet\Google Drive\Benjamin\VersionDesarrolloParkuestULTRASONICO\LibraryPARKUEST\ComINDICADOR_PARKUEST.c
                SendDATA1   0x000492    program     extern C:\Users\Wavelet\Google Drive\Benjamin\VersionDesarrolloParkuestULTRASONICO\LibraryPARKUEST\COMMUNICATION_PARKUEST.c
                SendDATA2   0x000688    program     extern C:\Users\Wavelet\Google Drive\Benjamin\VersionDesarrolloParkuestULTRASONICO\LibraryPARKUEST\COMMUNICATION_PARKUEST.c
   Send_DISPLAY_BusMaster   0x0027c0    program     extern C:\Users\Wavelet\Google Drive\Benjamin\VersionDesarrolloParkuestULTRASONICO\LibraryPARKUEST\COMMUNICATION_PARKUEST.c
    Send_DISPLAY_BusSlave   0x00275e    program     extern C:\Users\Wavelet\Google Drive\Benjamin\VersionDesarrolloParkuestULTRASONICO\LibraryPARKUEST\COMMUNICATION_PARKUEST.c
      Send_Initialization   0x00161c    program     extern C:\Users\Wavelet\Google Drive\Benjamin\VersionDesarrolloParkuestULTRASONICO\LibraryPARKUEST\COMMUNICATION_PARKUEST.c
Send_Initialization_Master   0x001654    program     extern C:\Users\Wavelet\Google Drive\Benjamin\VersionDesarrolloParkuestULTRASONICO\LibraryPARKUEST\COMMUNICATION_PARKUEST.c
               Send_TABLE   0x0015ec    program     extern C:\Users\Wavelet\Google Drive\Benjamin\VersionDesarrolloParkuestULTRASONICO\LibraryPARKUEST\COMMUNICATION_PARKUEST.c
    SensePresenceDISTANCE   0x003c14    program     static C:\Users\Wavelet\Google Drive\Benjamin\VersionDesarrolloParkuestULTRASONICO\LibraryPARKUEST\SONAR_PARKUEST.c
           SenseSONAR_3_0   0x003f94    program     extern C:\Users\Wavelet\Google Drive\Benjamin\VersionDesarrolloParkuestULTRASONICO\LibraryPARKUEST\SONAR_PARKUEST.c
                  Sensing   0x003922    program     extern C:\Users\Wavelet\Google Drive\Benjamin\VersionDesarrolloParkuestULTRASONICO\LibraryPARKUEST\SONAR_PARKUEST.c
        SetupCOLOR_ACTIVE   0x00550a    program     extern C:\Users\Wavelet\Google Drive\Benjamin\VersionDesarrolloParkuestULTRASONICO\LibraryPARKUEST\COLOR_PARKUEST.c
      SetupCOLOR_N_ACTIVE   0x00552c    program     extern C:\Users\Wavelet\Google Drive\Benjamin\VersionDesarrolloParkuestULTRASONICO\LibraryPARKUEST\COLOR_PARKUEST.c
        SetupDISTANCE_MIN   0x003538    program     extern C:\Users\Wavelet\Google Drive\Benjamin\VersionDesarrolloParkuestULTRASONICO\LibraryPARKUEST\SONAR_PARKUEST.c
    SmartOnlyOneIndicator   0x004840    program     extern C:\Users\Wavelet\Google Drive\Benjamin\VersionDesarrolloParkuestULTRASONICO\LibraryPARKUEST\ComINDICADOR_PARKUEST.c
                  StartAN   0x006e2a    program     extern C:\Users\Wavelet\Google Drive\Benjamin\VersionDesarrolloParkuestULTRASONICO\LibraryPARKUEST\ADC_PARKUEST.c
        TEST_COMUNICACION   0x002fc6    program     extern C:\Users\Wavelet\Google Drive\Benjamin\VersionDesarrolloParkuestULTRASONICO\LibraryPARKUEST\COMMUNICATION_PARKUEST.c
              TIMER0_CONF   0x006ac6    program     extern C:\Users\Wavelet\Google Drive\Benjamin\VersionDesarrolloParkuestULTRASONICO\LibraryPARKUEST\TIMER_PARKUEST.c
               TIMER0_OFF   0x006aec    program     extern C:\Users\Wavelet\Google Drive\Benjamin\VersionDesarrolloParkuestULTRASONICO\LibraryPARKUEST\TIMER_PARKUEST.c
                TIMER0_ON   0x006ae8    program     extern C:\Users\Wavelet\Google Drive\Benjamin\VersionDesarrolloParkuestULTRASONICO\LibraryPARKUEST\TIMER_PARKUEST.c
     TIMER_MIN_Remaining1   0x006b28    program     extern C:\Users\Wavelet\Google Drive\Benjamin\VersionDesarrolloParkuestULTRASONICO\LibraryPARKUEST\TIMER_PARKUEST.c
     TIMER_MIN_Remaining2   0x006b5e    program     extern C:\Users\Wavelet\Google Drive\Benjamin\VersionDesarrolloParkuestULTRASONICO\LibraryPARKUEST\TIMER_PARKUEST.c
     TIMER_SEC_Remaining1   0x006b94    program     extern C:\Users\Wavelet\Google Drive\Benjamin\VersionDesarrolloParkuestULTRASONICO\LibraryPARKUEST\TIMER_PARKUEST.c
     TIMER_SEC_Remaining2   0x006bd6    program     extern C:\Users\Wavelet\Google Drive\Benjamin\VersionDesarrolloParkuestULTRASONICO\LibraryPARKUEST\TIMER_PARKUEST.c
     TIMER_SEC_Remaining3   0x006c02    program     extern C:\Users\Wavelet\Google Drive\Benjamin\VersionDesarrolloParkuestULTRASONICO\LibraryPARKUEST\TIMER_PARKUEST.c
    Task_UART_MasterSLAVE   0x0019a6    program     extern C:\Users\Wavelet\Google Drive\Benjamin\VersionDesarrolloParkuestULTRASONICO\LibraryPARKUEST\COMMUNICATION_PARKUEST.c
          Task_UART_Slave   0x002822    program     extern C:\Users\Wavelet\Google Drive\Benjamin\VersionDesarrolloParkuestULTRASONICO\LibraryPARKUEST\COMMUNICATION_PARKUEST.c
Transmission_ConfirmationBUSslave   0x0014fc    program     extern C:\Users\Wavelet\Google Drive\Benjamin\VersionDesarrolloParkuestULTRASONICO\LibraryPARKUEST\COMMUNICATION_PARKUEST.c
          UART1_CONF_9bit   0x006f2e    program     extern C:\Users\Wavelet\Google Drive\Benjamin\VersionDesarrolloParkuestULTRASONICO\LibraryPARKUEST\UART_PARKUEST.c
                UART1_OFF   0x006fae    program     extern C:\Users\Wavelet\Google Drive\Benjamin\VersionDesarrolloParkuestULTRASONICO\LibraryPARKUEST\UART_PARKUEST.c
                 UART1_ON   0x006fb2    program     extern C:\Users\Wavelet\Google Drive\Benjamin\VersionDesarrolloParkuestULTRASONICO\LibraryPARKUEST\UART_PARKUEST.c
          UART2_CONF_9bit   0x006f6e    program     extern C:\Users\Wavelet\Google Drive\Benjamin\VersionDesarrolloParkuestULTRASONICO\LibraryPARKUEST\UART_PARKUEST.c
                UART2_OFF   0x006fb6    program     extern C:\Users\Wavelet\Google Drive\Benjamin\VersionDesarrolloParkuestULTRASONICO\LibraryPARKUEST\UART_PARKUEST.c
                 UART2_ON   0x006fba    program     extern C:\Users\Wavelet\Google Drive\Benjamin\VersionDesarrolloParkuestULTRASONICO\LibraryPARKUEST\UART_PARKUEST.c
   Waiting_Initialization   0x000e5a    program     extern C:\Users\Wavelet\Google Drive\Benjamin\VersionDesarrolloParkuestULTRASONICO\LibraryPARKUEST\COMMUNICATION_PARKUEST.c
Waiting_Initialization_PARKUEST   0x000ff8    program     extern C:\Users\Wavelet\Google Drive\Benjamin\VersionDesarrolloParkuestULTRASONICO\LibraryPARKUEST\COMMUNICATION_PARKUEST.c
      WriteColorsPARKUEST   0x0058e2    program     extern C:\Users\Wavelet\Google Drive\Benjamin\VersionDesarrolloParkuestULTRASONICO\LibraryPARKUEST\FileSYSTEM_PARKUEST.c
    WriteDistancePARKUEST   0x0059d8    program     extern C:\Users\Wavelet\Google Drive\Benjamin\VersionDesarrolloParkuestULTRASONICO\LibraryPARKUEST\FileSYSTEM_PARKUEST.c
              WriteEEPROM   0x00702a    program     extern C:\Users\Wavelet\Google Drive\Benjamin\VersionDesarrolloParkuestULTRASONICO\LibraryPARKUEST\EEPROM_PARKUEST.c
  WriteIdHardwarePARKUEST   0x005a4c    program     extern C:\Users\Wavelet\Google Drive\Benjamin\VersionDesarrolloParkuestULTRASONICO\LibraryPARKUEST\FileSYSTEM_PARKUEST.c
          WriteIdPARKUEST   0x005a16    program     extern C:\Users\Wavelet\Google Drive\Benjamin\VersionDesarrolloParkuestULTRASONICO\LibraryPARKUEST\FileSYSTEM_PARKUEST.c
      WriteIndicatorOnOff   0x00573e    program     extern C:\Users\Wavelet\Google Drive\Benjamin\VersionDesarrolloParkuestULTRASONICO\LibraryPARKUEST\FileSYSTEM_PARKUEST.c
 WriteOnlyOneIndicatorIDs   0x00576a    program     extern C:\Users\Wavelet\Google Drive\Benjamin\VersionDesarrolloParkuestULTRASONICO\LibraryPARKUEST\FileSYSTEM_PARKUEST.c
              WriteTimer0   0x006af0    program     extern C:\Users\Wavelet\Google Drive\Benjamin\VersionDesarrolloParkuestULTRASONICO\LibraryPARKUEST\TIMER_PARKUEST.c
  WriteUART1_SoftwareSync   0x006d6a    program     extern C:\Users\Wavelet\Google Drive\Benjamin\VersionDesarrolloParkuestULTRASONICO\LibraryPARKUEST\SoftwareUART_PARKUEST.c
       _D10KTCYXCODE_0010   0x0070d4    program     static E:\3.46\pic18-lt\cxx-framework\src\traditional\delays\d10ktcyx.asm
       _D10KTCYXCODE_001C   0x0070e0    program     static E:\3.46\pic18-lt\cxx-framework\src\traditional\delays\d10ktcyx.asm
        _D10TCYXCODE_000A   0x007184    program     static E:\3.46\pic18-lt\cxx-framework\src\traditional\delays\d10tcyx.asm
        _D10TCYXCODE_000C   0x007186    program     static E:\3.46\pic18-lt\cxx-framework\src\traditional\delays\d10tcyx.asm
        _D10TCYXCODE_000E   0x007188    program     static E:\3.46\pic18-lt\cxx-framework\src\traditional\delays\d10tcyx.asm
        _D1KTCYXCODE_0010   0x00712e    program     static E:\3.46\pic18-lt\cxx-framework\src\traditional\delays\d1ktcyx.asm
        _D1KTCYXCODE_0016   0x007134    program     static E:\3.46\pic18-lt\cxx-framework\src\traditional\delays\d1ktcyx.asm
                 __FpExit   0x005ec4    program     extern E:\3.46\pic18-lt\cxx-framework\src\traditional\math\packFP.asm
                 __FpPack   0x005ef0    program     extern E:\3.46\pic18-lt\cxx-framework\src\traditional\math\packFP.asm
            __FpReturnNaN   0x005eb8    program     extern E:\3.46\pic18-lt\cxx-framework\src\traditional\math\packFP.asm
         __FpReturnNegInf   0x005eca    program     extern E:\3.46\pic18-lt\cxx-framework\src\traditional\math\packFP.asm
        __FpReturnNegZero   0x005ee2    program     extern E:\3.46\pic18-lt\cxx-framework\src\traditional\math\packFP.asm
         __FpReturnPosInf   0x005ed0    program     extern E:\3.46\pic18-lt\cxx-framework\src\traditional\math\packFP.asm
        __FpReturnPosZero   0x005eea    program     extern E:\3.46\pic18-lt\cxx-framework\src\traditional\math\packFP.asm
        __FpReturnSignInf   0x005ec6    program     extern E:\3.46\pic18-lt\cxx-framework\src\traditional\math\packFP.asm
       __FpReturnSignZero   0x005ede    program     extern E:\3.46\pic18-lt\cxx-framework\src\traditional\math\packFP.asm
              __FpReturnW   0x005f48    program     extern E:\3.46\pic18-lt\cxx-framework\src\traditional\math\packFP.asm
              __FpUnPackA   0x005f68    program     extern E:\3.46\pic18-lt\cxx-framework\src\traditional\math\UnpackFP.asm
              __FpUnPackB   0x005f98    program     extern E:\3.46\pic18-lt\cxx-framework\src\traditional\math\UnpackFP.asm
           ___do_lbl00220   0x000fd6    program     static                          
           ___do_lbl00221   0x000fdc    program     static                          
           ___do_lbl00232   0x000e74    program     static                          
         ___else_lbl00230   0x000fb2    program     static                          
          ___for_lbl00002   0x003588    program     static                          
          ___for_lbl00003   0x00358c    program     static                          
          ___for_lbl00004   0x003570    program     static                          
          ___for_lbl00006   0x0035cc    program     static                          
          ___for_lbl00007   0x0035d0    program     static                          
          ___for_lbl00008   0x0035b4    program     static                          
           ___if_lbl00224   0x000f52    program     static                          
           ___if_lbl00225   0x000f52    program     static                          
           ___if_lbl00226   0x000f52    program     static                          
           ___if_lbl00227   0x000fb0    program     static                          
           ___if_lbl00228   0x000fd6    program     static                          
           ___if_lbl00229   0x000fd6    program     static                          
           ___if_lbl00231   0x000fd6    program     static                          
       ___return_lbl00000   0x00711c    program     static                          
       ___return_lbl00000   0x000004    program     static                          
       ___return_lbl00000   0x00001c    program     static                          
       ___return_lbl00000   0x00000c    program     static                          
       ___return_lbl00001   0x00358e    program     static                          
       ___return_lbl00001   0x007178    program     static                          
       ___return_lbl00002   0x006f2c    program     static                          
       ___return_lbl00004   0x006fe8    program     static                          
       ___return_lbl00005   0x0035d2    program     static                          
       ___return_lbl00005   0x006fec    program     static                          
       ___return_lbl00006   0x006ff0    program     static                          
       ___return_lbl00219   0x000fe0    program     static                          
               __config_0   0x300001    program     static C:\Users\Wavelet\Google Drive\Benjamin\VersionDesarrolloParkuestULTRASONICO\LibraryPARKUEST\PROCESSOR_PARKUEST.c
               __config_1   0x300002    program     static C:\Users\Wavelet\Google Drive\Benjamin\VersionDesarrolloParkuestULTRASONICO\LibraryPARKUEST\PROCESSOR_PARKUEST.c
              __config_10   0x30000d    program     static C:\Users\Wavelet\Google Drive\Benjamin\VersionDesarrolloParkuestULTRASONICO\LibraryPARKUEST\PROCESSOR_PARKUEST.c
               __config_2   0x300003    program     static C:\Users\Wavelet\Google Drive\Benjamin\VersionDesarrolloParkuestULTRASONICO\LibraryPARKUEST\PROCESSOR_PARKUEST.c
               __config_3   0x300005    program     static C:\Users\Wavelet\Google Drive\Benjamin\VersionDesarrolloParkuestULTRASONICO\LibraryPARKUEST\PROCESSOR_PARKUEST.c
               __config_4   0x300006    program     static C:\Users\Wavelet\Google Drive\Benjamin\VersionDesarrolloParkuestULTRASONICO\LibraryPARKUEST\PROCESSOR_PARKUEST.c
               __config_5   0x300008    program     static C:\Users\Wavelet\Google Drive\Benjamin\VersionDesarrolloParkuestULTRASONICO\LibraryPARKUEST\PROCESSOR_PARKUEST.c
               __config_6   0x300009    program     static C:\Users\Wavelet\Google Drive\Benjamin\VersionDesarrolloParkuestULTRASONICO\LibraryPARKUEST\PROCESSOR_PARKUEST.c
               __config_7   0x30000a    program     static C:\Users\Wavelet\Google Drive\Benjamin\VersionDesarrolloParkuestULTRASONICO\LibraryPARKUEST\PROCESSOR_PARKUEST.c
               __config_8   0x30000b    program     static C:\Users\Wavelet\Google Drive\Benjamin\VersionDesarrolloParkuestULTRASONICO\LibraryPARKUEST\PROCESSOR_PARKUEST.c
               __config_9   0x30000c    program     static C:\Users\Wavelet\Google Drive\Benjamin\VersionDesarrolloParkuestULTRASONICO\LibraryPARKUEST\PROCESSOR_PARKUEST.c
                   __init   0x000006    program     extern E:\3.46\pic18-lt\cxx-framework\src\traditional\stdclib\__init.c
             __tmplbl_145   0x00274a    program     static                          
             __tmplbl_146   0x0026ba    program     static                          
             __tmplbl_147   0x002626    program     static                          
             __tmplbl_148   0x00254c    program     static                          
             __tmplbl_149   0x0024e2    program     static                          
             __tmplbl_150   0x002468    program     static                          
             __tmplbl_151   0x0023d0    program     static                          
             __tmplbl_152   0x002366    program     static                          
             __tmplbl_164   0x0026ba    program     static                          
             __tmplbl_165   0x0026ba    program     static                          
             __tmplbl_167   0x0026ba    program     static                          
             __tmplbl_168   0x0026ba    program     static                          
             __tmplbl_169   0x002360    program     static                          
             __tmplbl_170   0x0026ba    program     static                          
             __tmplbl_173   0x0026ba    program     static                          
             __tmplbl_174   0x0026ba    program     static                          
              __tmplbl_62   0x000ee6    program     static                          
              __tmplbl_63   0x000ecc    program     static                          
              __tmplbl_64   0x000eba    program     static                          
              __tmplbl_65   0x000f78    program     static                          
            __zero_memory   0x00713e    program     extern E:\3.46\pic18-lt\cxx-framework\src\traditional\proc\p18f25k22.asm
                _do_cinit   0x006e90    program     extern E:\3.46\pic18-lt\cxx-framework\src\traditional\startup\c018i.c
                   _entry   0x000000    program     extern E:\3.46\pic18-lt\cxx-framework\src\traditional\startup\c018i.c
                 _startup   0x00715e    program     extern E:\3.46\pic18-lt\cxx-framework\src\traditional\startup\c018i.c
                compare_l   0x007154    program     static E:\3.46\pic18-lt\cxx-framework\src\traditional\proc\p18f25k22.asm
                copy_loop   0x006f02    program     static                          
            copy_one_byte   0x006f08    program     static                          
                     done   0x006f2c    program     static                          
             done_copying   0x006f16    program     static                          
                  endloop   0x007118    program     static                          
                 jANotInf   0x005bd6    program     static E:\3.46\pic18-lt\cxx-framework\src\traditional\math\addFP.asm
                 jANotInf   0x005cf8    program     static E:\3.46\pic18-lt\cxx-framework\src\traditional\math\divFP.asm
                 jANotInf   0x005d9e    program     static E:\3.46\pic18-lt\cxx-framework\src\traditional\math\mulFP.asm
                 jANotNeg   0x005c6a    program     static E:\3.46\pic18-lt\cxx-framework\src\traditional\math\addFP.asm
                jANotZero   0x005d0c    program     static E:\3.46\pic18-lt\cxx-framework\src\traditional\math\divFP.asm
              jAandWsetup   0x005c3a    program     static E:\3.46\pic18-lt\cxx-framework\src\traditional\math\addFP.asm
                 jAltBexp   0x005c28    program     static E:\3.46\pic18-lt\cxx-framework\src\traditional\math\addFP.asm
                jBANotInf   0x005bcc    program     static E:\3.46\pic18-lt\cxx-framework\src\traditional\math\addFP.asm
                 jBNotInf   0x005be4    program     static E:\3.46\pic18-lt\cxx-framework\src\traditional\math\addFP.asm
              jBothFinite   0x005dac    program     static E:\3.46\pic18-lt\cxx-framework\src\traditional\math\mulFP.asm
             jBothNotZero   0x005db8    program     static E:\3.46\pic18-lt\cxx-framework\src\traditional\math\mulFP.asm
            jDifOrPosSign   0x005bf8    program     static E:\3.46\pic18-lt\cxx-framework\src\traditional\math\addFP.asm
                    jExit   0x005eb6    program     static E:\3.46\pic18-lt\cxx-framework\src\traditional\math\castFP16.asm
               jFinalSign   0x005cd2    program     static E:\3.46\pic18-lt\cxx-framework\src\traditional\math\addFP.asm
                jHaveZero   0x005db4    program     static E:\3.46\pic18-lt\cxx-framework\src\traditional\math\mulFP.asm
                    jLoop   0x005d34    program     static E:\3.46\pic18-lt\cxx-framework\src\traditional\math\divFP.asm
                    jLoop   0x005e96    program     static E:\3.46\pic18-lt\cxx-framework\src\traditional\math\castFP16.asm
                jLoopExit   0x005ea6    program     static E:\3.46\pic18-lt\cxx-framework\src\traditional\math\castFP16.asm
                     jMax   0x005e6a    program     static E:\3.46\pic18-lt\cxx-framework\src\traditional\math\castFP16.asm
                  jMaxNeg   0x005e78    program     static E:\3.46\pic18-lt\cxx-framework\src\traditional\math\castFP16.asm
                  jMaxPos   0x005e6e    program     static E:\3.46\pic18-lt\cxx-framework\src\traditional\math\castFP16.asm
                    jNext   0x005d5a    program     static E:\3.46\pic18-lt\cxx-framework\src\traditional\math\divFP.asm
                jNoAdjust   0x005d58    program     static E:\3.46\pic18-lt\cxx-framework\src\traditional\math\divFP.asm
             jNotBothZero   0x005bfc    program     static E:\3.46\pic18-lt\cxx-framework\src\traditional\math\addFP.asm
                  jNotInf   0x005e86    program     static E:\3.46\pic18-lt\cxx-framework\src\traditional\math\castFP16.asm
                  jPkLoop   0x005efe    program     static E:\3.46\pic18-lt\cxx-framework\src\traditional\math\packFP.asm
             jPkRoundDone   0x005f48    program     static E:\3.46\pic18-lt\cxx-framework\src\traditional\math\packFP.asm
               jPkRoundIt   0x005f30    program     static E:\3.46\pic18-lt\cxx-framework\src\traditional\math\packFP.asm
             jPkShiftDone   0x005f1a    program     static E:\3.46\pic18-lt\cxx-framework\src\traditional\math\packFP.asm
           jReturnPosInf0   0x005ed4    program     static E:\3.46\pic18-lt\cxx-framework\src\traditional\math\packFP.asm
               jShiftDone   0x005c92    program     static E:\3.46\pic18-lt\cxx-framework\src\traditional\math\addFP.asm
               jShiftLoop   0x005c84    program     static E:\3.46\pic18-lt\cxx-framework\src\traditional\math\addFP.asm
                jSignDone   0x005cc2    program     static E:\3.46\pic18-lt\cxx-framework\src\traditional\math\addFP.asm
              jSignedZero   0x005d02    program     static E:\3.46\pic18-lt\cxx-framework\src\traditional\math\divFP.asm
                  jUnpkA1   0x005f72    program     static E:\3.46\pic18-lt\cxx-framework\src\traditional\math\UnpackFP.asm
                  jUnpkA2   0x005f8a    program     static E:\3.46\pic18-lt\cxx-framework\src\traditional\math\UnpackFP.asm
                 jUnpkANZ   0x005f80    program     static E:\3.46\pic18-lt\cxx-framework\src\traditional\math\UnpackFP.asm
                  jUnpkB1   0x005fa2    program     static E:\3.46\pic18-lt\cxx-framework\src\traditional\math\UnpackFP.asm
                  jUnpkB2   0x005fba    program     static E:\3.46\pic18-lt\cxx-framework\src\traditional\math\UnpackFP.asm
                 jUnpkBNZ   0x005fb0    program     static E:\3.46\pic18-lt\cxx-framework\src\traditional\math\UnpackFP.asm
                 jUnpkNaN   0x005f94    program     static E:\3.46\pic18-lt\cxx-framework\src\traditional\math\UnpackFP.asm
                 jWNotNeg   0x005c7e    program     static E:\3.46\pic18-lt\cxx-framework\src\traditional\math\addFP.asm
                    jZero   0x005e80    program     static E:\3.46\pic18-lt\cxx-framework\src\traditional\math\castFP16.asm
               jZero1and2   0x005ed8    program     static E:\3.46\pic18-lt\cxx-framework\src\traditional\math\packFP.asm
                     loop   0x00716e    program     static                          
                     loop   0x0070fc    program     static                          
                   loop_h   0x00714c    program     static E:\3.46\pic18-lt\cxx-framework\src\traditional\proc\p18f25k22.asm
                   loop_l   0x007156    program     static E:\3.46\pic18-lt\cxx-framework\src\traditional\proc\p18f25k22.asm
                     main   0x0067b2    program     extern C:\Users\Wavelet\Google Drive\Benjamin\VersionDesarrolloParkuestULTRASONICO\PIC18F_SIM_2.0.4.X\PIC18F_SIM_2_0_4.c
                     test   0x006eaa    program     static                          
           test_reception   0x002ffe    program     extern C:\Users\Wavelet\Google Drive\Benjamin\VersionDesarrolloParkuestULTRASONICO\LibraryPARKUEST\COMMUNICATION_PARKUEST.c
                   wait_1   0x000d9a    program     extern C:\Users\Wavelet\Google Drive\Benjamin\VersionDesarrolloParkuestULTRASONICO\LibraryPARKUEST\COMMUNICATION_PARKUEST.c
                   wait_2   0x000dfa    program     extern C:\Users\Wavelet\Google Drive\Benjamin\VersionDesarrolloParkuestULTRASONICO\LibraryPARKUEST\COMMUNICATION_PARKUEST.c
               zero_block   0x00714c    program     static E:\3.46\pic18-lt\cxx-framework\src\traditional\proc\p18f25k22.asm
                   ADCON0   0x000fc2       data     extern E:\3.46\pic18-lt\cxx-framework\src\traditional\proc\p18f25k22.asm
               ADCON0bits   0x000fc2       data     extern E:\3.46\pic18-lt\cxx-framework\src\traditional\proc\p18f25k22.asm
                   ADCON1   0x000fc1       data     extern E:\3.46\pic18-lt\cxx-framework\src\traditional\proc\p18f25k22.asm
               ADCON1bits   0x000fc1       data     extern E:\3.46\pic18-lt\cxx-framework\src\traditional\proc\p18f25k22.asm
                   ADCON2   0x000fc0       data     extern E:\3.46\pic18-lt\cxx-framework\src\traditional\proc\p18f25k22.asm
               ADCON2bits   0x000fc0       data     extern E:\3.46\pic18-lt\cxx-framework\src\traditional\proc\p18f25k22.asm
                    ADRES   0x000fc3       data     extern E:\3.46\pic18-lt\cxx-framework\src\traditional\proc\p18f25k22.asm
                   ADRESH   0x000fc4       data     extern E:\3.46\pic18-lt\cxx-framework\src\traditional\proc\p18f25k22.asm
                   ADRESL   0x000fc3       data     extern E:\3.46\pic18-lt\cxx-framework\src\traditional\proc\p18f25k22.asm
                   ANSELA   0x000f38       data     extern E:\3.46\pic18-lt\cxx-framework\src\traditional\proc\p18f25k22.asm
               ANSELAbits   0x000f38       data     extern E:\3.46\pic18-lt\cxx-framework\src\traditional\proc\p18f25k22.asm
                   ANSELB   0x000f39       data     extern E:\3.46\pic18-lt\cxx-framework\src\traditional\proc\p18f25k22.asm
               ANSELBbits   0x000f39       data     extern E:\3.46\pic18-lt\cxx-framework\src\traditional\proc\p18f25k22.asm
                   ANSELC   0x000f3a       data     extern E:\3.46\pic18-lt\cxx-framework\src\traditional\proc\p18f25k22.asm
               ANSELCbits   0x000f3a       data     extern E:\3.46\pic18-lt\cxx-framework\src\traditional\proc\p18f25k22.asm
                        B   0x00039a       data     static C:\Users\Wavelet\Google Drive\Benjamin\VersionDesarrolloParkuestULTRASONICO\LibraryPARKUEST\COLOR_PARKUEST.c
                        B   0x0003ab       data     static C:\Users\Wavelet\Google Drive\Benjamin\VersionDesarrolloParkuestULTRASONICO\LibraryPARKUEST\COLOR_PARKUEST.c
                        B   0x0003a6       data     static C:\Users\Wavelet\Google Drive\Benjamin\VersionDesarrolloParkuestULTRASONICO\LibraryPARKUEST\COLOR_PARKUEST.c
                        B   0x00039e       data     static C:\Users\Wavelet\Google Drive\Benjamin\VersionDesarrolloParkuestULTRASONICO\LibraryPARKUEST\COLOR_PARKUEST.c
                        B   0x0003a3       data     static C:\Users\Wavelet\Google Drive\Benjamin\VersionDesarrolloParkuestULTRASONICO\LibraryPARKUEST\COLOR_PARKUEST.c
                 BAUD1CON   0x000fb8       data     extern E:\3.46\pic18-lt\cxx-framework\src\traditional\proc\p18f25k22.asm
             BAUD1CONbits   0x000fb8       data     extern E:\3.46\pic18-lt\cxx-framework\src\traditional\proc\p18f25k22.asm
                 BAUD2CON   0x000f70       data     extern E:\3.46\pic18-lt\cxx-framework\src\traditional\proc\p18f25k22.asm
             BAUD2CONbits   0x000f70       data     extern E:\3.46\pic18-lt\cxx-framework\src\traditional\proc\p18f25k22.asm
                  BAUDCON   0x000fb8       data     extern E:\3.46\pic18-lt\cxx-framework\src\traditional\proc\p18f25k22.asm
                 BAUDCON1   0x000fb8       data     extern E:\3.46\pic18-lt\cxx-framework\src\traditional\proc\p18f25k22.asm
             BAUDCON1bits   0x000fb8       data     extern E:\3.46\pic18-lt\cxx-framework\src\traditional\proc\p18f25k22.asm
                 BAUDCON2   0x000f70       data     extern E:\3.46\pic18-lt\cxx-framework\src\traditional\proc\p18f25k22.asm
             BAUDCON2bits   0x000f70       data     extern E:\3.46\pic18-lt\cxx-framework\src\traditional\proc\p18f25k22.asm
              BAUDCONbits   0x000fb8       data     extern E:\3.46\pic18-lt\cxx-framework\src\traditional\proc\p18f25k22.asm
                  BAUDCTL   0x000fb8       data     extern E:\3.46\pic18-lt\cxx-framework\src\traditional\proc\p18f25k22.asm
              BAUDCTLbits   0x000fb8       data     extern E:\3.46\pic18-lt\cxx-framework\src\traditional\proc\p18f25k22.asm
                   BLUE_C   0x000394       data     static C:\Users\Wavelet\Google Drive\Benjamin\VersionDesarrolloParkuestULTRASONICO\LibraryPARKUEST\COLOR_PARKUEST.c
                      BSR   0x000fe0       data     extern E:\3.46\pic18-lt\cxx-framework\src\traditional\proc\p18f25k22.asm
             BufferFILTER   0x000115       data     static C:\Users\Wavelet\Google Drive\Benjamin\VersionDesarrolloParkuestULTRASONICO\LibraryPARKUEST\SONAR_PARKUEST.c
      BufferIndicatorUART   0x0002f9       data     extern C:\Users\Wavelet\Google Drive\Benjamin\VersionDesarrolloParkuestULTRASONICO\PIC18F_SIM_2.0.4.X\PIC18F_SIM_2_0_4.c
                BufferRET   0x000190       data     static C:\Users\Wavelet\Google Drive\Benjamin\VersionDesarrolloParkuestULTRASONICO\LibraryPARKUEST\SONAR_PARKUEST.c
               BufferRET2   0x0001ba       data     static C:\Users\Wavelet\Google Drive\Benjamin\VersionDesarrolloParkuestULTRASONICO\LibraryPARKUEST\SONAR_PARKUEST.c
              BusMASTER_R   0x000348       data     extern C:\Users\Wavelet\Google Drive\Benjamin\VersionDesarrolloParkuestULTRASONICO\PIC18F_SIM_2.0.4.X\PIC18F_SIM_2_0_4.c
              BusMASTER_T   0x000248       data     extern C:\Users\Wavelet\Google Drive\Benjamin\VersionDesarrolloParkuestULTRASONICO\PIC18F_SIM_2.0.4.X\PIC18F_SIM_2_0_4.c
               BusSLAVE_R   0x000300       data     extern C:\Users\Wavelet\Google Drive\Benjamin\VersionDesarrolloParkuestULTRASONICO\PIC18F_SIM_2.0.4.X\PIC18F_SIM_2_0_4.c
               BusSLAVE_T   0x000200       data     extern C:\Users\Wavelet\Google Drive\Benjamin\VersionDesarrolloParkuestULTRASONICO\PIC18F_SIM_2.0.4.X\PIC18F_SIM_2_0_4.c
                  CCP1CON   0x000fbd       data     extern E:\3.46\pic18-lt\cxx-framework\src\traditional\proc\p18f25k22.asm
              CCP1CONbits   0x000fbd       data     extern E:\3.46\pic18-lt\cxx-framework\src\traditional\proc\p18f25k22.asm
                   CCP2AS   0x000f64       data     extern E:\3.46\pic18-lt\cxx-framework\src\traditional\proc\p18f25k22.asm
               CCP2ASbits   0x000f64       data     extern E:\3.46\pic18-lt\cxx-framework\src\traditional\proc\p18f25k22.asm
                  CCP2CON   0x000f66       data     extern E:\3.46\pic18-lt\cxx-framework\src\traditional\proc\p18f25k22.asm
              CCP2CONbits   0x000f66       data     extern E:\3.46\pic18-lt\cxx-framework\src\traditional\proc\p18f25k22.asm
                   CCP3AS   0x000f5b       data     extern E:\3.46\pic18-lt\cxx-framework\src\traditional\proc\p18f25k22.asm
               CCP3ASbits   0x000f5b       data     extern E:\3.46\pic18-lt\cxx-framework\src\traditional\proc\p18f25k22.asm
                  CCP3CON   0x000f5d       data     extern E:\3.46\pic18-lt\cxx-framework\src\traditional\proc\p18f25k22.asm
              CCP3CONbits   0x000f5d       data     extern E:\3.46\pic18-lt\cxx-framework\src\traditional\proc\p18f25k22.asm
                  CCP4CON   0x000f57       data     extern E:\3.46\pic18-lt\cxx-framework\src\traditional\proc\p18f25k22.asm
              CCP4CONbits   0x000f57       data     extern E:\3.46\pic18-lt\cxx-framework\src\traditional\proc\p18f25k22.asm
                  CCP5CON   0x000f54       data     extern E:\3.46\pic18-lt\cxx-framework\src\traditional\proc\p18f25k22.asm
              CCP5CONbits   0x000f54       data     extern E:\3.46\pic18-lt\cxx-framework\src\traditional\proc\p18f25k22.asm
                    CCPR1   0x000fbe       data     extern E:\3.46\pic18-lt\cxx-framework\src\traditional\proc\p18f25k22.asm
                   CCPR1H   0x000fbf       data     extern E:\3.46\pic18-lt\cxx-framework\src\traditional\proc\p18f25k22.asm
                   CCPR1L   0x000fbe       data     extern E:\3.46\pic18-lt\cxx-framework\src\traditional\proc\p18f25k22.asm
                    CCPR2   0x000f67       data     extern E:\3.46\pic18-lt\cxx-framework\src\traditional\proc\p18f25k22.asm
                   CCPR2H   0x000f68       data     extern E:\3.46\pic18-lt\cxx-framework\src\traditional\proc\p18f25k22.asm
                   CCPR2L   0x000f67       data     extern E:\3.46\pic18-lt\cxx-framework\src\traditional\proc\p18f25k22.asm
                    CCPR3   0x000f5e       data     extern E:\3.46\pic18-lt\cxx-framework\src\traditional\proc\p18f25k22.asm
                   CCPR3H   0x000f5f       data     extern E:\3.46\pic18-lt\cxx-framework\src\traditional\proc\p18f25k22.asm
                   CCPR3L   0x000f5e       data     extern E:\3.46\pic18-lt\cxx-framework\src\traditional\proc\p18f25k22.asm
                    CCPR4   0x000f58       data     extern E:\3.46\pic18-lt\cxx-framework\src\traditional\proc\p18f25k22.asm
                   CCPR4H   0x000f59       data     extern E:\3.46\pic18-lt\cxx-framework\src\traditional\proc\p18f25k22.asm
                   CCPR4L   0x000f58       data     extern E:\3.46\pic18-lt\cxx-framework\src\traditional\proc\p18f25k22.asm
                    CCPR5   0x000f55       data     extern E:\3.46\pic18-lt\cxx-framework\src\traditional\proc\p18f25k22.asm
                   CCPR5H   0x000f56       data     extern E:\3.46\pic18-lt\cxx-framework\src\traditional\proc\p18f25k22.asm
                   CCPR5L   0x000f55       data     extern E:\3.46\pic18-lt\cxx-framework\src\traditional\proc\p18f25k22.asm
                 CCPTMRS0   0x000f49       data     extern E:\3.46\pic18-lt\cxx-framework\src\traditional\proc\p18f25k22.asm
             CCPTMRS0bits   0x000f49       data     extern E:\3.46\pic18-lt\cxx-framework\src\traditional\proc\p18f25k22.asm
                 CCPTMRS1   0x000f48       data     extern E:\3.46\pic18-lt\cxx-framework\src\traditional\proc\p18f25k22.asm
             CCPTMRS1bits   0x000f48       data     extern E:\3.46\pic18-lt\cxx-framework\src\traditional\proc\p18f25k22.asm
                  CM12CON   0x000f77       data     extern E:\3.46\pic18-lt\cxx-framework\src\traditional\proc\p18f25k22.asm
              CM12CONbits   0x000f77       data     extern E:\3.46\pic18-lt\cxx-framework\src\traditional\proc\p18f25k22.asm
                   CM1CON   0x000f79       data     extern E:\3.46\pic18-lt\cxx-framework\src\traditional\proc\p18f25k22.asm
                  CM1CON0   0x000f79       data     extern E:\3.46\pic18-lt\cxx-framework\src\traditional\proc\p18f25k22.asm
              CM1CON0bits   0x000f79       data     extern E:\3.46\pic18-lt\cxx-framework\src\traditional\proc\p18f25k22.asm
               CM1CONbits   0x000f79       data     extern E:\3.46\pic18-lt\cxx-framework\src\traditional\proc\p18f25k22.asm
                   CM2CON   0x000f78       data     extern E:\3.46\pic18-lt\cxx-framework\src\traditional\proc\p18f25k22.asm
                  CM2CON0   0x000f78       data     extern E:\3.46\pic18-lt\cxx-framework\src\traditional\proc\p18f25k22.asm
              CM2CON0bits   0x000f78       data     extern E:\3.46\pic18-lt\cxx-framework\src\traditional\proc\p18f25k22.asm
                  CM2CON1   0x000f77       data     extern E:\3.46\pic18-lt\cxx-framework\src\traditional\proc\p18f25k22.asm
              CM2CON1bits   0x000f77       data     extern E:\3.46\pic18-lt\cxx-framework\src\traditional\proc\p18f25k22.asm
               CM2CONbits   0x000f78       data     extern E:\3.46\pic18-lt\cxx-framework\src\traditional\proc\p18f25k22.asm
                   COLORS   0x0002ba       data     extern C:\Users\Wavelet\Google Drive\Benjamin\VersionDesarrolloParkuestULTRASONICO\PIC18F_SIM_2.0.4.X\PIC18F_SIM_2_0_4.c
                 CTMUCON0   0x000f45       data     extern E:\3.46\pic18-lt\cxx-framework\src\traditional\proc\p18f25k22.asm
             CTMUCON0bits   0x000f45       data     extern E:\3.46\pic18-lt\cxx-framework\src\traditional\proc\p18f25k22.asm
                 CTMUCON1   0x000f44       data     extern E:\3.46\pic18-lt\cxx-framework\src\traditional\proc\p18f25k22.asm
             CTMUCON1bits   0x000f44       data     extern E:\3.46\pic18-lt\cxx-framework\src\traditional\proc\p18f25k22.asm
                 CTMUCONH   0x000f45       data     extern E:\3.46\pic18-lt\cxx-framework\src\traditional\proc\p18f25k22.asm
             CTMUCONHbits   0x000f45       data     extern E:\3.46\pic18-lt\cxx-framework\src\traditional\proc\p18f25k22.asm
                 CTMUCONL   0x000f44       data     extern E:\3.46\pic18-lt\cxx-framework\src\traditional\proc\p18f25k22.asm
             CTMUCONLbits   0x000f44       data     extern E:\3.46\pic18-lt\cxx-framework\src\traditional\proc\p18f25k22.asm
                 CTMUICON   0x000f43       data     extern E:\3.46\pic18-lt\cxx-framework\src\traditional\proc\p18f25k22.asm
                CTMUICONH   0x000f43       data     extern E:\3.46\pic18-lt\cxx-framework\src\traditional\proc\p18f25k22.asm
            CTMUICONHbits   0x000f43       data     extern E:\3.46\pic18-lt\cxx-framework\src\traditional\proc\p18f25k22.asm
             CTMUICONbits   0x000f43       data     extern E:\3.46\pic18-lt\cxx-framework\src\traditional\proc\p18f25k22.asm
                   Count2   0x00018d       data     static C:\Users\Wavelet\Google Drive\Benjamin\VersionDesarrolloParkuestULTRASONICO\LibraryPARKUEST\SONAR_PARKUEST.c
                   Count3   0x00018f       data     static C:\Users\Wavelet\Google Drive\Benjamin\VersionDesarrolloParkuestULTRASONICO\LibraryPARKUEST\SONAR_PARKUEST.c
                  DACCON0   0x000f41       data     extern E:\3.46\pic18-lt\cxx-framework\src\traditional\proc\p18f25k22.asm
              DACCON0bits   0x000f41       data     extern E:\3.46\pic18-lt\cxx-framework\src\traditional\proc\p18f25k22.asm
                  DACCON1   0x000f40       data     extern E:\3.46\pic18-lt\cxx-framework\src\traditional\proc\p18f25k22.asm
              DACCON1bits   0x000f40       data     extern E:\3.46\pic18-lt\cxx-framework\src\traditional\proc\p18f25k22.asm
                     DDRA   0x000f92       data     extern E:\3.46\pic18-lt\cxx-framework\src\traditional\proc\p18f25k22.asm
                 DDRAbits   0x000f92       data     extern E:\3.46\pic18-lt\cxx-framework\src\traditional\proc\p18f25k22.asm
                     DDRB   0x000f93       data     extern E:\3.46\pic18-lt\cxx-framework\src\traditional\proc\p18f25k22.asm
                 DDRBbits   0x000f93       data     extern E:\3.46\pic18-lt\cxx-framework\src\traditional\proc\p18f25k22.asm
                     DDRC   0x000f94       data     extern E:\3.46\pic18-lt\cxx-framework\src\traditional\proc\p18f25k22.asm
                 DDRCbits   0x000f94       data     extern E:\3.46\pic18-lt\cxx-framework\src\traditional\proc\p18f25k22.asm
             DISPLAY_INIT   0x0002e9       data     extern C:\Users\Wavelet\Google Drive\Benjamin\VersionDesarrolloParkuestULTRASONICO\PIC18F_SIM_2.0.4.X\PIC18F_SIM_2_0_4.c
            DataINDICATOR   0x0003b4       data     extern C:\Users\Wavelet\Google Drive\Benjamin\VersionDesarrolloParkuestULTRASONICO\LibraryPARKUEST\INDICATOR_TASKS_PARKUEST.c
            DelayCounter1   0x000019       data     extern E:\3.46\pic18-lt\cxx-framework\src\traditional\delays\delayd1.asm
            DelayCounter2   0x000018       data     extern E:\3.46\pic18-lt\cxx-framework\src\traditional\delays\delayd2.asm
             Distance_3_0   0x000165       data     static C:\Users\Wavelet\Google Drive\Benjamin\VersionDesarrolloParkuestULTRASONICO\LibraryPARKUEST\SONAR_PARKUEST.c
                  ECCP1AS   0x000fb6       data     extern E:\3.46\pic18-lt\cxx-framework\src\traditional\proc\p18f25k22.asm
              ECCP1ASbits   0x000fb6       data     extern E:\3.46\pic18-lt\cxx-framework\src\traditional\proc\p18f25k22.asm
                  ECCP2AS   0x000f64       data     extern E:\3.46\pic18-lt\cxx-framework\src\traditional\proc\p18f25k22.asm
              ECCP2ASbits   0x000f64       data     extern E:\3.46\pic18-lt\cxx-framework\src\traditional\proc\p18f25k22.asm
                  ECCP3AS   0x000f5b       data     extern E:\3.46\pic18-lt\cxx-framework\src\traditional\proc\p18f25k22.asm
              ECCP3ASbits   0x000f5b       data     extern E:\3.46\pic18-lt\cxx-framework\src\traditional\proc\p18f25k22.asm
                   ECCPAS   0x000fb6       data     extern E:\3.46\pic18-lt\cxx-framework\src\traditional\proc\p18f25k22.asm
               ECCPASbits   0x000fb6       data     extern E:\3.46\pic18-lt\cxx-framework\src\traditional\proc\p18f25k22.asm
                    EEADR   0x000fa9       data     extern E:\3.46\pic18-lt\cxx-framework\src\traditional\proc\p18f25k22.asm
                EEADRbits   0x000fa9       data     extern E:\3.46\pic18-lt\cxx-framework\src\traditional\proc\p18f25k22.asm
                   EECON1   0x000fa6       data     extern E:\3.46\pic18-lt\cxx-framework\src\traditional\proc\p18f25k22.asm
               EECON1bits   0x000fa6       data     extern E:\3.46\pic18-lt\cxx-framework\src\traditional\proc\p18f25k22.asm
                   EECON2   0x000fa7       data     extern E:\3.46\pic18-lt\cxx-framework\src\traditional\proc\p18f25k22.asm
                   EEDATA   0x000fa8       data     extern E:\3.46\pic18-lt\cxx-framework\src\traditional\proc\p18f25k22.asm
                     FLAG   0x000290       data     extern C:\Users\Wavelet\Google Drive\Benjamin\VersionDesarrolloParkuestULTRASONICO\PIC18F_SIM_2.0.4.X\PIC18F_SIM_2_0_4.c
                     FLAG   0x000395       data     static C:\Users\Wavelet\Google Drive\Benjamin\VersionDesarrolloParkuestULTRASONICO\LibraryPARKUEST\COLOR_PARKUEST.c
              FLAG_TIMER1   0x0001fa       data     extern C:\Users\Wavelet\Google Drive\Benjamin\VersionDesarrolloParkuestULTRASONICO\LibraryPARKUEST\TIMER_PARKUEST.c
              FLAG_TIMER2   0x0001fb       data     extern C:\Users\Wavelet\Google Drive\Benjamin\VersionDesarrolloParkuestULTRASONICO\LibraryPARKUEST\TIMER_PARKUEST.c
              FLAG_TIMER3   0x0001fc       data     extern C:\Users\Wavelet\Google Drive\Benjamin\VersionDesarrolloParkuestULTRASONICO\LibraryPARKUEST\TIMER_PARKUEST.c
              FLAG_TIMER4   0x0001fd       data     extern C:\Users\Wavelet\Google Drive\Benjamin\VersionDesarrolloParkuestULTRASONICO\LibraryPARKUEST\TIMER_PARKUEST.c
              FLAG_TIMER5   0x0001fe       data     extern C:\Users\Wavelet\Google Drive\Benjamin\VersionDesarrolloParkuestULTRASONICO\LibraryPARKUEST\TIMER_PARKUEST.c
          FLAG_TIMER_HIGH   0x0002c8       data     extern C:\Users\Wavelet\Google Drive\Benjamin\VersionDesarrolloParkuestULTRASONICO\PIC18F_SIM_2.0.4.X\PIC18F_SIM_2_0_4.c
                     FSR0   0x000fe9       data     extern E:\3.46\pic18-lt\cxx-framework\src\traditional\proc\p18f25k22.asm
                    FSR0H   0x000fea       data     extern E:\3.46\pic18-lt\cxx-framework\src\traditional\proc\p18f25k22.asm
                    FSR0L   0x000fe9       data     extern E:\3.46\pic18-lt\cxx-framework\src\traditional\proc\p18f25k22.asm
                     FSR1   0x000fe1       data     extern E:\3.46\pic18-lt\cxx-framework\src\traditional\proc\p18f25k22.asm
                    FSR1H   0x000fe2       data     extern E:\3.46\pic18-lt\cxx-framework\src\traditional\proc\p18f25k22.asm
                    FSR1L   0x000fe1       data     extern E:\3.46\pic18-lt\cxx-framework\src\traditional\proc\p18f25k22.asm
                     FSR2   0x000fd9       data     extern E:\3.46\pic18-lt\cxx-framework\src\traditional\proc\p18f25k22.asm
                    FSR2H   0x000fda       data     extern E:\3.46\pic18-lt\cxx-framework\src\traditional\proc\p18f25k22.asm
                    FSR2L   0x000fd9       data     extern E:\3.46\pic18-lt\cxx-framework\src\traditional\proc\p18f25k22.asm
                   FVRCON   0x000f42       data     extern E:\3.46\pic18-lt\cxx-framework\src\traditional\proc\p18f25k22.asm
               FVRCONbits   0x000f42       data     extern E:\3.46\pic18-lt\cxx-framework\src\traditional\proc\p18f25k22.asm
                  Flag615   0x0002fd       data     static C:\Users\Wavelet\Google Drive\Benjamin\VersionDesarrolloParkuestULTRASONICO\LibraryPARKUEST\ComINDICADOR_PARKUEST.c
                        G   0x000399       data     static C:\Users\Wavelet\Google Drive\Benjamin\VersionDesarrolloParkuestULTRASONICO\LibraryPARKUEST\COLOR_PARKUEST.c
                        G   0x00039d       data     static C:\Users\Wavelet\Google Drive\Benjamin\VersionDesarrolloParkuestULTRASONICO\LibraryPARKUEST\COLOR_PARKUEST.c
                        G   0x0003a2       data     static C:\Users\Wavelet\Google Drive\Benjamin\VersionDesarrolloParkuestULTRASONICO\LibraryPARKUEST\COLOR_PARKUEST.c
                        G   0x0003a5       data     static C:\Users\Wavelet\Google Drive\Benjamin\VersionDesarrolloParkuestULTRASONICO\LibraryPARKUEST\COLOR_PARKUEST.c
                        G   0x0003aa       data     static C:\Users\Wavelet\Google Drive\Benjamin\VersionDesarrolloParkuestULTRASONICO\LibraryPARKUEST\COLOR_PARKUEST.c
                  GREEN_C   0x000393       data     static C:\Users\Wavelet\Google Drive\Benjamin\VersionDesarrolloParkuestULTRASONICO\LibraryPARKUEST\COLOR_PARKUEST.c
                  HLVDCON   0x000f9c       data     extern E:\3.46\pic18-lt\cxx-framework\src\traditional\proc\p18f25k22.asm
              HLVDCONbits   0x000f9c       data     extern E:\3.46\pic18-lt\cxx-framework\src\traditional\proc\p18f25k22.asm
                 IDMaster   0x0002c2       data     extern C:\Users\Wavelet\Google Drive\Benjamin\VersionDesarrolloParkuestULTRASONICO\PIC18F_SIM_2.0.4.X\PIC18F_SIM_2_0_4.c
                  IDSlave   0x0002c1       data     extern C:\Users\Wavelet\Google Drive\Benjamin\VersionDesarrolloParkuestULTRASONICO\PIC18F_SIM_2.0.4.X\PIC18F_SIM_2_0_4.c
             ID_RECEPCION   0x0002c3       data     extern C:\Users\Wavelet\Google Drive\Benjamin\VersionDesarrolloParkuestULTRASONICO\PIC18F_SIM_2.0.4.X\PIC18F_SIM_2_0_4.c
                    INDF0   0x000fef       data     extern E:\3.46\pic18-lt\cxx-framework\src\traditional\proc\p18f25k22.asm
                    INDF1   0x000fe7       data     extern E:\3.46\pic18-lt\cxx-framework\src\traditional\proc\p18f25k22.asm
                    INDF2   0x000fdf       data     extern E:\3.46\pic18-lt\cxx-framework\src\traditional\proc\p18f25k22.asm
                   INTCON   0x000ff2       data     extern E:\3.46\pic18-lt\cxx-framework\src\traditional\proc\p18f25k22.asm
                  INTCON2   0x000ff1       data     extern E:\3.46\pic18-lt\cxx-framework\src\traditional\proc\p18f25k22.asm
              INTCON2bits   0x000ff1       data     extern E:\3.46\pic18-lt\cxx-framework\src\traditional\proc\p18f25k22.asm
                  INTCON3   0x000ff0       data     extern E:\3.46\pic18-lt\cxx-framework\src\traditional\proc\p18f25k22.asm
              INTCON3bits   0x000ff0       data     extern E:\3.46\pic18-lt\cxx-framework\src\traditional\proc\p18f25k22.asm
               INTCONbits   0x000ff2       data     extern E:\3.46\pic18-lt\cxx-framework\src\traditional\proc\p18f25k22.asm
                     IOCB   0x000f62       data     extern E:\3.46\pic18-lt\cxx-framework\src\traditional\proc\p18f25k22.asm
                 IOCBbits   0x000f62       data     extern E:\3.46\pic18-lt\cxx-framework\src\traditional\proc\p18f25k22.asm
                     IPR1   0x000f9f       data     extern E:\3.46\pic18-lt\cxx-framework\src\traditional\proc\p18f25k22.asm
                 IPR1bits   0x000f9f       data     extern E:\3.46\pic18-lt\cxx-framework\src\traditional\proc\p18f25k22.asm
                     IPR2   0x000fa2       data     extern E:\3.46\pic18-lt\cxx-framework\src\traditional\proc\p18f25k22.asm
                 IPR2bits   0x000fa2       data     extern E:\3.46\pic18-lt\cxx-framework\src\traditional\proc\p18f25k22.asm
                     IPR3   0x000fa5       data     extern E:\3.46\pic18-lt\cxx-framework\src\traditional\proc\p18f25k22.asm
                 IPR3bits   0x000fa5       data     extern E:\3.46\pic18-lt\cxx-framework\src\traditional\proc\p18f25k22.asm
                     IPR4   0x000f7c       data     extern E:\3.46\pic18-lt\cxx-framework\src\traditional\proc\p18f25k22.asm
                 IPR4bits   0x000f7c       data     extern E:\3.46\pic18-lt\cxx-framework\src\traditional\proc\p18f25k22.asm
                     IPR5   0x000f7f       data     extern E:\3.46\pic18-lt\cxx-framework\src\traditional\proc\p18f25k22.asm
                 IPR5bits   0x000f7f       data     extern E:\3.46\pic18-lt\cxx-framework\src\traditional\proc\p18f25k22.asm
                     LATA   0x000f89       data     extern E:\3.46\pic18-lt\cxx-framework\src\traditional\proc\p18f25k22.asm
                 LATAbits   0x000f89       data     extern E:\3.46\pic18-lt\cxx-framework\src\traditional\proc\p18f25k22.asm
                     LATB   0x000f8a       data     extern E:\3.46\pic18-lt\cxx-framework\src\traditional\proc\p18f25k22.asm
                 LATBbits   0x000f8a       data     extern E:\3.46\pic18-lt\cxx-framework\src\traditional\proc\p18f25k22.asm
                     LATC   0x000f8b       data     extern E:\3.46\pic18-lt\cxx-framework\src\traditional\proc\p18f25k22.asm
                 LATCbits   0x000f8b       data     extern E:\3.46\pic18-lt\cxx-framework\src\traditional\proc\p18f25k22.asm
[...]
               RCREG1bits   0x000fae       data     extern E:\3.46\pic18-lt\cxx-framework\src\traditional\proc\p18f25k22.asm
                RCREGbits   0x000fae       data     extern E:\3.46\pic18-lt\cxx-framework\src\traditional\proc\p18f25k22.asm
               SP1BRGbits   0x000faf       data     extern E:\3.46\pic18-lt\cxx-framework\src\traditional\proc\p18f25k22.asm
                    SPBRG   0x000faf       data     extern E:\3.46\pic18-lt\cxx-framework\src\traditional\proc\p18f25k22.asm
                   SPBRG1   0x000faf       data     extern E:\3.46\pic18-lt\cxx-framework\src\traditional\proc\p18f25k22.asm
               SPBRG1bits   0x000faf       data     extern E:\3.46\pic18-lt\cxx-framework\src\traditional\proc\p18f25k22.asm
                   SP1BRG   0x000faf       data     extern E:\3.46\pic18-lt\cxx-framework\src\traditional\proc\p18f25k22.asm
                SPBRGbits   0x000faf       data     extern E:\3.46\pic18-lt\cxx-framework\src\traditional\proc\p18f25k22.asm
               SPBRGHbits   0x000fb0       data     extern E:\3.46\pic18-lt\cxx-framework\src\traditional\proc\p18f25k22.asm
              SPBRGH1bits   0x000fb0       data     extern E:\3.46\pic18-lt\cxx-framework\src\traditional\proc\p18f25k22.asm
                  SPBRGH1   0x000fb0       data     extern E:\3.46\pic18-lt\cxx-framework\src\traditional\proc\p18f25k22.asm
                   SPBRGH   0x000fb0       data     extern E:\3.46\pic18-lt\cxx-framework\src\traditional\proc\p18f25k22.asm
                  SP1BRGH   0x000fb0       data     extern E:\3.46\pic18-lt\cxx-framework\src\traditional\proc\p18f25k22.asm
              SP1BRGHbits   0x000fb0       data     extern E:\3.46\pic18-lt\cxx-framework\src\traditional\proc\p18f25k22.asm
                    T3CON   0x000fb1       data     extern E:\3.46\pic18-lt\cxx-framework\src\traditional\proc\p18f25k22.asm
                T3CONbits   0x000fb1       data     extern E:\3.46\pic18-lt\cxx-framework\src\traditional\proc\p18f25k22.asm
                    TMR3L   0x000fb2       data     extern E:\3.46\pic18-lt\cxx-framework\src\traditional\proc\p18f25k22.asm
                    TMR3H   0x000fb3       data     extern E:\3.46\pic18-lt\cxx-framework\src\traditional\proc\p18f25k22.asm
                   T3GCON   0x000fb4       data     extern E:\3.46\pic18-lt\cxx-framework\src\traditional\proc\p18f25k22.asm
               T3GCONbits   0x000fb4       data     extern E:\3.46\pic18-lt\cxx-framework\src\traditional\proc\p18f25k22.asm
               ECCPASbits   0x000fb6       data     extern E:\3.46\pic18-lt\cxx-framework\src\traditional\proc\p18f25k22.asm
                   ECCPAS   0x000fb6       data     extern E:\3.46\pic18-lt\cxx-framework\src\traditional\proc\p18f25k22.asm
              ECCP1ASbits   0x000fb6       data     extern E:\3.46\pic18-lt\cxx-framework\src\traditional\proc\p18f25k22.asm
                  ECCP1AS   0x000fb6       data     extern E:\3.46\pic18-lt\cxx-framework\src\traditional\proc\p18f25k22.asm
              PWM1CONbits   0x000fb7       data     extern E:\3.46\pic18-lt\cxx-framework\src\traditional\proc\p18f25k22.asm
                  PWM1CON   0x000fb7       data     extern E:\3.46\pic18-lt\cxx-framework\src\traditional\proc\p18f25k22.asm
                   PWMCON   0x000fb7       data     extern E:\3.46\pic18-lt\cxx-framework\src\traditional\proc\p18f25k22.asm
               PWMCONbits   0x000fb7       data     extern E:\3.46\pic18-lt\cxx-framework\src\traditional\proc\p18f25k22.asm
              BAUDCTLbits   0x000fb8       data     extern E:\3.46\pic18-lt\cxx-framework\src\traditional\proc\p18f25k22.asm
                  BAUDCTL   0x000fb8       data     extern E:\3.46\pic18-lt\cxx-framework\src\traditional\proc\p18f25k22.asm
              BAUDCONbits   0x000fb8       data     extern E:\3.46\pic18-lt\cxx-framework\src\traditional\proc\p18f25k22.asm
             BAUDCON1bits   0x000fb8       data     extern E:\3.46\pic18-lt\cxx-framework\src\traditional\proc\p18f25k22.asm
                 BAUD1CON   0x000fb8       data     extern E:\3.46\pic18-lt\cxx-framework\src\traditional\proc\p18f25k22.asm
                 BAUDCON1   0x000fb8       data     extern E:\3.46\pic18-lt\cxx-framework\src\traditional\proc\p18f25k22.asm
             BAUD1CONbits   0x000fb8       data     extern E:\3.46\pic18-lt\cxx-framework\src\traditional\proc\p18f25k22.asm
                  BAUDCON   0x000fb8       data     extern E:\3.46\pic18-lt\cxx-framework\src\traditional\proc\p18f25k22.asm
                 PSTR1CON   0x000fb9       data     extern E:\3.46\pic18-lt\cxx-framework\src\traditional\proc\p18f25k22.asm
             PSTR1CONbits   0x000fb9       data     extern E:\3.46\pic18-lt\cxx-framework\src\traditional\proc\p18f25k22.asm
                  PSTRCON   0x000fb9       data     extern E:\3.46\pic18-lt\cxx-framework\src\traditional\proc\p18f25k22.asm
              PSTRCONbits   0x000fb9       data     extern E:\3.46\pic18-lt\cxx-framework\src\traditional\proc\p18f25k22.asm
                T2CONbits   0x000fba       data     extern E:\3.46\pic18-lt\cxx-framework\src\traditional\proc\p18f25k22.asm
                    T2CON   0x000fba       data     extern E:\3.46\pic18-lt\cxx-framework\src\traditional\proc\p18f25k22.asm
                      PR2   0x000fbb       data     extern E:\3.46\pic18-lt\cxx-framework\src\traditional\proc\p18f25k22.asm
                     TMR2   0x000fbc       data     extern E:\3.46\pic18-lt\cxx-framework\src\traditional\proc\p18f25k22.asm
                  CCP1CON   0x000fbd       data     extern E:\3.46\pic18-lt\cxx-framework\src\traditional\proc\p18f25k22.asm
              CCP1CONbits   0x000fbd       data     extern E:\3.46\pic18-lt\cxx-framework\src\traditional\proc\p18f25k22.asm
                    CCPR1   0x000fbe       data     extern E:\3.46\pic18-lt\cxx-framework\src\traditional\proc\p18f25k22.asm
                   CCPR1L   0x000fbe       data     extern E:\3.46\pic18-lt\cxx-framework\src\traditional\proc\p18f25k22.asm
                   CCPR1H   0x000fbf       data     extern E:\3.46\pic18-lt\cxx-framework\src\traditional\proc\p18f25k22.asm
                   ADCON2   0x000fc0       data     extern E:\3.46\pic18-lt\cxx-framework\src\traditional\proc\p18f25k22.asm
               ADCON2bits   0x000fc0       data     extern E:\3.46\pic18-lt\cxx-framework\src\traditional\proc\p18f25k22.asm
                   ADCON1   0x000fc1       data     extern E:\3.46\pic18-lt\cxx-framework\src\traditional\proc\p18f25k22.asm
               ADCON1bits   0x000fc1       data     extern E:\3.46\pic18-lt\cxx-framework\src\traditional\proc\p18f25k22.asm
               ADCON0bits   0x000fc2       data     extern E:\3.46\pic18-lt\cxx-framework\src\traditional\proc\p18f25k22.asm
                   ADCON0   0x000fc2       data     extern E:\3.46\pic18-lt\cxx-framework\src\traditional\proc\p18f25k22.asm
                    ADRES   0x000fc3       data     extern E:\3.46\pic18-lt\cxx-framework\src\traditional\proc\p18f25k22.asm
                   ADRESL   0x000fc3       data     extern E:\3.46\pic18-lt\cxx-framework\src\traditional\proc\p18f25k22.asm
                   ADRESH   0x000fc4       data     extern E:\3.46\pic18-lt\cxx-framework\src\traditional\proc\p18f25k22.asm
              SSPCON2bits   0x000fc5       data     extern E:\3.46\pic18-lt\cxx-framework\src\traditional\proc\p18f25k22.asm
                  SSPCON2   0x000fc5       data     extern E:\3.46\pic18-lt\cxx-framework\src\traditional\proc\p18f25k22.asm
                 SSP1CON2   0x000fc5       data     extern E:\3.46\pic18-lt\cxx-framework\src\traditional\proc\p18f25k22.asm
             SSP1CON2bits   0x000fc5       data     extern E:\3.46\pic18-lt\cxx-framework\src\traditional\proc\p18f25k22.asm
                 SSP1CON1   0x000fc6       data     extern E:\3.46\pic18-lt\cxx-framework\src\traditional\proc\p18f25k22.asm
             SSP1CON1bits   0x000fc6       data     extern E:\3.46\pic18-lt\cxx-framework\src\traditional\proc\p18f25k22.asm
              SSPCON1bits   0x000fc6       data     extern E:\3.46\pic18-lt\cxx-framework\src\traditional\proc\p18f25k22.asm
                  SSPCON1   0x000fc6       data     extern E:\3.46\pic18-lt\cxx-framework\src\traditional\proc\p18f25k22.asm
              SSPSTATbits   0x000fc7       data     extern E:\3.46\pic18-lt\cxx-framework\src\traditional\proc\p18f25k22.asm
                  SSPSTAT   0x000fc7       data     extern E:\3.46\pic18-lt\cxx-framework\src\traditional\proc\p18f25k22.asm
             SSP1STATbits   0x000fc7       data     extern E:\3.46\pic18-lt\cxx-framework\src\traditional\proc\p18f25k22.asm
                 SSP1STAT   0x000fc7       data     extern E:\3.46\pic18-lt\cxx-framework\src\traditional\proc\p18f25k22.asm
                  SSP1ADD   0x000fc8       data     extern E:\3.46\pic18-lt\cxx-framework\src\traditional\proc\p18f25k22.asm
              SSP1ADDbits   0x000fc8       data     extern E:\3.46\pic18-lt\cxx-framework\src\traditional\proc\p18f25k22.asm
                   SSPADD   0x000fc8       data     extern E:\3.46\pic18-lt\cxx-framework\src\traditional\proc\p18f25k22.asm
               SSPADDbits   0x000fc8       data     extern E:\3.46\pic18-lt\cxx-framework\src\traditional\proc\p18f25k22.asm
                   SSPBUF   0x000fc9       data     extern E:\3.46\pic18-lt\cxx-framework\src\traditional\proc\p18f25k22.asm
               SSPBUFbits   0x000fc9       data     extern E:\3.46\pic18-lt\cxx-framework\src\traditional\proc\p18f25k22.asm
                  SSP1BUF   0x000fc9       data     extern E:\3.46\pic18-lt\cxx-framework\src\traditional\proc\p18f25k22.asm
              SSP1BUFbits   0x000fc9       data     extern E:\3.46\pic18-lt\cxx-framework\src\traditional\proc\p18f25k22.asm
               SSPMSKbits   0x000fca       data     extern E:\3.46\pic18-lt\cxx-framework\src\traditional\proc\p18f25k22.asm
                   SSPMSK   0x000fca       data     extern E:\3.46\pic18-lt\cxx-framework\src\traditional\proc\p18f25k22.asm
                  SSP1MSK   0x000fca       data     extern E:\3.46\pic18-lt\cxx-framework\src\traditional\proc\p18f25k22.asm
              SSP1MSKbits   0x000fca       data     extern E:\3.46\pic18-lt\cxx-framework\src\traditional\proc\p18f25k22.asm
                  SSPCON3   0x000fcb       data     extern E:\3.46\pic18-lt\cxx-framework\src\traditional\proc\p18f25k22.asm
              SSPCON3bits   0x000fcb       data     extern E:\3.46\pic18-lt\cxx-framework\src\traditional\proc\p18f25k22.asm
                 SSP1CON3   0x000fcb       data     extern E:\3.46\pic18-lt\cxx-framework\src\traditional\proc\p18f25k22.asm
             SSP1CON3bits   0x000fcb       data     extern E:\3.46\pic18-lt\cxx-framework\src\traditional\proc\p18f25k22.asm
                   T1GCON   0x000fcc       data     extern E:\3.46\pic18-lt\cxx-framework\src\traditional\proc\p18f25k22.asm
               T1GCONbits   0x000fcc       data     extern E:\3.46\pic18-lt\cxx-framework\src\traditional\proc\p18f25k22.asm
                T1CONbits   0x000fcd       data     extern E:\3.46\pic18-lt\cxx-framework\src\traditional\proc\p18f25k22.asm
                    T1CON   0x000fcd       data     extern E:\3.46\pic18-lt\cxx-framework\src\traditional\proc\p18f25k22.asm
                    TMR1L   0x000fce       data     extern E:\3.46\pic18-lt\cxx-framework\src\traditional\proc\p18f25k22.asm
                    TMR1H   0x000fcf       data     extern E:\3.46\pic18-lt\cxx-framework\src\traditional\proc\p18f25k22.asm
                 RCONbits   0x000fd0       data     extern E:\3.46\pic18-lt\cxx-framework\src\traditional\proc\p18f25k22.asm
                     RCON   0x000fd0       data     extern E:\3.46\pic18-lt\cxx-framework\src\traditional\proc\p18f25k22.asm
                   WDTCON   0x000fd1       data     extern E:\3.46\pic18-lt\cxx-framework\src\traditional\proc\p18f25k22.asm
               WDTCONbits   0x000fd1       data     extern E:\3.46\pic18-lt\cxx-framework\src\traditional\proc\p18f25k22.asm
                  OSCCON2   0x000fd2       data     extern E:\3.46\pic18-lt\cxx-framework\src\traditional\proc\p18f25k22.asm
              OSCCON2bits   0x000fd2       data     extern E:\3.46\pic18-lt\cxx-framework\src\traditional\proc\p18f25k22.asm
                   OSCCON   0x000fd3       data     extern E:\3.46\pic18-lt\cxx-framework\src\traditional\proc\p18f25k22.asm
               OSCCONbits   0x000fd3       data     extern E:\3.46\pic18-lt\cxx-framework\src\traditional\proc\p18f25k22.asm
                T0CONbits   0x000fd5       data     extern E:\3.46\pic18-lt\cxx-framework\src\traditional\proc\p18f25k22.asm
                    T0CON   0x000fd5       data     extern E:\3.46\pic18-lt\cxx-framework\src\traditional\proc\p18f25k22.asm
                    TMR0L   0x000fd6       data     extern E:\3.46\pic18-lt\cxx-framework\src\traditional\proc\p18f25k22.asm
                    TMR0H   0x000fd7       data     extern E:\3.46\pic18-lt\cxx-framework\src\traditional\proc\p18f25k22.asm
                   STATUS   0x000fd8       data     extern E:\3.46\pic18-lt\cxx-framework\src\traditional\proc\p18f25k22.asm
               STATUSbits   0x000fd8       data     extern E:\3.46\pic18-lt\cxx-framework\src\traditional\proc\p18f25k22.asm
                    FSR2L   0x000fd9       data     extern E:\3.46\pic18-lt\cxx-framework\src\traditional\proc\p18f25k22.asm
                     FSR2   0x000fd9       data     extern E:\3.46\pic18-lt\cxx-framework\src\traditional\proc\p18f25k22.asm
                    FSR2H   0x000fda       data     extern E:\3.46\pic18-lt\cxx-framework\src\traditional\proc\p18f25k22.asm
                   PLUSW2   0x000fdb       data     extern E:\3.46\pic18-lt\cxx-framework\src\traditional\proc\p18f25k22.asm
                  PREINC2   0x000fdc       data     extern E:\3.46\pic18-lt\cxx-framework\src\traditional\proc\p18f25k22.asm
                 POSTDEC2   0x000fdd       data     extern E:\3.46\pic18-lt\cxx-framework\src\traditional\proc\p18f25k22.asm
                 POSTINC2   0x000fde       data     extern E:\3.46\pic18-lt\cxx-framework\src\traditional\proc\p18f25k22.asm
                    INDF2   0x000fdf       data     extern E:\3.46\pic18-lt\cxx-framework\src\traditional\proc\p18f25k22.asm
                      BSR   0x000fe0       data     extern E:\3.46\pic18-lt\cxx-framework\src\traditional\proc\p18f25k22.asm
                    FSR1L   0x000fe1       data     extern E:\3.46\pic18-lt\cxx-framework\src\traditional\proc\p18f25k22.asm
                     FSR1   0x000fe1       data     extern E:\3.46\pic18-lt\cxx-framework\src\traditional\proc\p18f25k22.asm
                    FSR1H   0x000fe2       data     extern E:\3.46\pic18-lt\cxx-framework\src\traditional\proc\p18f25k22.asm
                   PLUSW1   0x000fe3       data     extern E:\3.46\pic18-lt\cxx-framework\src\traditional\proc\p18f25k22.asm
                  PREINC1   0x000fe4       data     extern E:\3.46\pic18-lt\cxx-framework\src\traditional\proc\p18f25k22.asm
                 POSTDEC1   0x000fe5       data     extern E:\3.46\pic18-lt\cxx-framework\src\traditional\proc\p18f25k22.asm
                 POSTINC1   0x000fe6       data     extern E:\3.46\pic18-lt\cxx-framework\src\traditional\proc\p18f25k22.asm
                    INDF1   0x000fe7       data     extern E:\3.46\pic18-lt\cxx-framework\src\traditional\proc\p18f25k22.asm
                     WREG   0x000fe8       data     extern E:\3.46\pic18-lt\cxx-framework\src\traditional\proc\p18f25k22.asm
                        W   0x000fe8       data     extern E:\3.46\pic18-lt\cxx-framework\src\traditional\proc\p18f25k22.asm
                    FSR0L   0x000fe9       data     extern E:\3.46\pic18-lt\cxx-framework\src\traditional\proc\p18f25k22.asm
                     FSR0   0x000fe9       data     extern E:\3.46\pic18-lt\cxx-framework\src\traditional\proc\p18f25k22.asm
                    FSR0H   0x000fea       data     extern E:\3.46\pic18-lt\cxx-framework\src\traditional\proc\p18f25k22.asm
                   PLUSW0   0x000feb       data     extern E:\3.46\pic18-lt\cxx-framework\src\traditional\proc\p18f25k22.asm
                  PREINC0   0x000fec       data     extern E:\3.46\pic18-lt\cxx-framework\src\traditional\proc\p18f25k22.asm
                 POSTDEC0   0x000fed       data     extern E:\3.46\pic18-lt\cxx-framework\src\traditional\proc\p18f25k22.asm
                 POSTINC0   0x000fee       data     extern E:\3.46\pic18-lt\cxx-framework\src\traditional\proc\p18f25k22.asm
                    INDF0   0x000fef       data     extern E:\3.46\pic18-lt\cxx-framework\src\traditional\proc\p18f25k22.asm
              INTCON3bits   0x000ff0       data     extern E:\3.46\pic18-lt\cxx-framework\src\traditional\proc\p18f25k22.asm
                  INTCON3   0x000ff0       data     extern E:\3.46\pic18-lt\cxx-framework\src\traditional\proc\p18f25k22.asm
              INTCON2bits   0x000ff1       data     extern E:\3.46\pic18-lt\cxx-framework\src\traditional\proc\p18f25k22.asm
                  INTCON2   0x000ff1       data     extern E:\3.46\pic18-lt\cxx-framework\src\traditional\proc\p18f25k22.asm
                   INTCON   0x000ff2       data     extern E:\3.46\pic18-lt\cxx-framework\src\traditional\proc\p18f25k22.asm
               INTCONbits   0x000ff2       data     extern E:\3.46\pic18-lt\cxx-framework\src\traditional\proc\p18f25k22.asm
                    PRODL   0x000ff3       data     extern E:\3.46\pic18-lt\cxx-framework\src\traditional\proc\p18f25k22.asm
                     PROD   0x000ff3       data     extern E:\3.46\pic18-lt\cxx-framework\src\traditional\proc\p18f25k22.asm
                    PRODH   0x000ff4       data     extern E:\3.46\pic18-lt\cxx-framework\src\traditional\proc\p18f25k22.asm
                   TABLAT   0x000ff5       data     extern E:\3.46\pic18-lt\cxx-framework\src\traditional\proc\p18f25k22.asm
                  TBLPTRL   0x000ff6       data     extern E:\3.46\pic18-lt\cxx-framework\src\traditional\proc\p18f25k22.asm
                   TBLPTR   0x000ff6       data     extern E:\3.46\pic18-lt\cxx-framework\src\traditional\proc\p18f25k22.asm
                  TBLPTRH   0x000ff7       data     extern E:\3.46\pic18-lt\cxx-framework\src\traditional\proc\p18f25k22.asm
              TBLPTRUbits   0x000ff8       data     extern E:\3.46\pic18-lt\cxx-framework\src\traditional\proc\p18f25k22.asm
                  TBLPTRU   0x000ff8       data     extern E:\3.46\pic18-lt\cxx-framework\src\traditional\proc\p18f25k22.asm
                      PCL   0x000ff9       data     extern E:\3.46\pic18-lt\cxx-framework\src\traditional\proc\p18f25k22.asm
                       PC   0x000ff9       data     extern E:\3.46\pic18-lt\cxx-framework\src\traditional\proc\p18f25k22.asm
                   PCLATH   0x000ffa       data     extern E:\3.46\pic18-lt\cxx-framework\src\traditional\proc\p18f25k22.asm
                   PCLATU   0x000ffb       data     extern E:\3.46\pic18-lt\cxx-framework\src\traditional\proc\p18f25k22.asm
               STKPTRbits   0x000ffc       data     extern E:\3.46\pic18-lt\cxx-framework\src\traditional\proc\p18f25k22.asm
                   STKPTR   0x000ffc       data     extern E:\3.46\pic18-lt\cxx-framework\src\traditional\proc\p18f25k22.asm
                     TOSL   0x000ffd       data     extern E:\3.46\pic18-lt\cxx-framework\src\traditional\proc\p18f25k22.asm
                      TOS   0x000ffd       data     extern E:\3.46\pic18-lt\cxx-framework\src\traditional\proc\p18f25k22.asm
                     TOSH   0x000ffe       data     extern E:\3.46\pic18-lt\cxx-framework\src\traditional\proc\p18f25k22.asm
                     TOSU   0x000fff       data     extern E:\3.46\pic18-lt\cxx-framework\src\traditional\proc\p18f25k22.asm


